COMMAND /opt/g-harness/workspace/G14/node_3_step_194/repo/.venv-verify/bin/python tools/runtime_smoke.py --output /opt/g-harness/workspace/G14/node_3_step_194/repo/artifacts/damage-release
:display: loading display module: libpandagl.so
Known pipe types:
  glxGraphicsPipe
(1 aux display modules not yet loaded.)
:display: Created output of type glxGraphicsWindow
:audio: NullAudioManager
:audio: NullAudioManager
:pnmtext: Loaded font Perspective Sans Regular
RENDERER {"engine": "Panda3D", "mode": "window", "output_type": "glxGraphicsWindow", "renderer": "llvmpipe (LLVM 21.1.8, 256 bits)", "vendor": "Mesa", "driver": "4.5 (Compatibility Profile) Mesa 26.0.8-1ubuntu0.3", "size": [960, 540], "seed": 14, "fixed_dt": 0.016666666666666666, "render_hz": 60, "controls": ["W/S raise/lower throttle | B brake and zero throttle", "A/D roll left/right | Arrows: nose up/down/left/right", "Mouse: aim stick (up = nose up) | C: center aim", "Hold Home: level horizon | Esc: pause/resume | F10: quit", "R: hold to repair selected subsystem (brakes + locks)", "1/2/3 engine/weapons/sensors | Space/LMB, Tab reserved (no combat yet)"], "settings": {"sensitivity": 0.012, "deadzone": 0.12, "invert_y": false}, "eye_offset": [0.0, 0.0, 0.65], "audio": "explicitly disabled", "capture_method": "GraphicsOutput.saveScreenshot after graphicsEngine.renderFrame", "window_id": 2097160}
WINDOW_READY
TIME_DROP 0.525838
:display:x11display(warning): XF86DGA extension not available, cannot enable relative mouse mode
:display: Unable to set window properties: !undecorated !fixed_size relative 
INPUT arrow_right down
INPUT arrow_right up
RUNTIME_PASS {"engine": "Panda3D", "mode": "window", "output_type": "glxGraphicsWindow", "renderer": "llvmpipe (LLVM 21.1.8, 256 bits)", "vendor": "Mesa", "driver": "4.5 (Compatibility Profile) Mesa 26.0.8-1ubuntu0.3", "size": [960, 540], "seed": 14, "fixed_dt": 0.016666666666666666, "render_hz": 60, "controls": ["W/S raise/lower throttle | B brake and zero throttle", "A/D roll left/right | Arrows: nose up/down/left/right", "Mouse: aim stick (up = nose up) | C: center aim", "Hold Home: level horizon | Esc: pause/resume | F10: quit", "R: hold to repair selected subsystem (brakes + locks)", "1/2/3 engine/weapons/sensors | Space/LMB, Tab reserved (no combat yet)"], "settings": {"sensitivity": 0.012, "deadzone": 0.12, "invert_y": false}, "eye_offset": [0.0, 0.0, 0.65], "audio": "explicitly disabled", "capture_method": "GraphicsOutput.saveScreenshot after graphicsEngine.renderFrame", "window_id": 2097160, "frames": 180, "ticks": 185, "input_events": 1, "mouse_events": 0, "ship": {"entity_id": "player", "position": [0.0, -15.0, 4.0], "velocity": [0.0, 0.0, 0.0], "orientation": [0.9983916282653809, 0.0, 0.0, -0.05669277906417847], "throttle": 0}, "health": {"entity_id": "player", "hull": 1.0, "hull_hp": 100.0, "state": "healthy", "subsystems": {"engine": 1.0, "weapons": 1.0, "sensors": 1.0}, "repairing": null, "repair_progress": 0.0, "engine_multiplier": 1.0, "turning_multiplier": 1.0, "weapons_multiplier": 1.0, "sensors_multiplier": 1.0}, "dropped_seconds": 0.525838, "drop_events": 1, "capture": "/opt/g-harness/workspace/G14/node_3_step_194/repo/artifacts/damage-release/window.png"}
:display: Closing glxGraphicsWindow
:display: loading display module: libpandagl.so
Known pipe types:
  glxGraphicsPipe
(1 aux display modules not yet loaded.)
:display: Created output of type glxGraphicsBuffer
:audio: NullAudioManager
:audio: NullAudioManager
:pnmtext: Loaded font Perspective Sans Regular
RENDERER {"engine": "Panda3D", "mode": "offscreen", "output_type": "glxGraphicsBuffer", "renderer": "llvmpipe (LLVM 21.1.8, 256 bits)", "vendor": "Mesa", "driver": "4.5 (Compatibility Profile) Mesa 26.0.8-1ubuntu0.3", "size": [960, 540], "seed": 14, "fixed_dt": 0.016666666666666666, "render_hz": 60, "controls": ["W/S raise/lower throttle | B brake and zero throttle", "A/D roll left/right | Arrows: nose up/down/left/right", "Mouse: aim stick (up = nose up) | C: center aim", "Hold Home: level horizon | Esc: pause/resume | F10: quit", "R: hold to repair selected subsystem (brakes + locks)", "1/2/3 engine/weapons/sensors | Space/LMB, Tab reserved (no combat yet)"], "settings": {"sensitivity": 0.012, "deadzone": 0.12, "invert_y": false}, "eye_offset": [0.0, 0.0, 0.65], "audio": "explicitly disabled", "capture_method": "GraphicsOutput.saveScreenshot after graphicsEngine.renderFrame"}
WINDOW_READY
TIME_DROP 0.020975000000000008
RUNTIME_PASS {"engine": "Panda3D", "mode": "offscreen", "output_type": "glxGraphicsBuffer", "renderer": "llvmpipe (LLVM 21.1.8, 256 bits)", "vendor": "Mesa", "driver": "4.5 (Compatibility Profile) Mesa 26.0.8-1ubuntu0.3", "size": [960, 540], "seed": 14, "fixed_dt": 0.016666666666666666, "render_hz": 60, "controls": ["W/S raise/lower throttle | B brake and zero throttle", "A/D roll left/right | Arrows: nose up/down/left/right", "Mouse: aim stick (up = nose up) | C: center aim", "Hold Home: level horizon | Esc: pause/resume | F10: quit", "R: hold to repair selected subsystem (brakes + locks)", "1/2/3 engine/weapons/sensors | Space/LMB, Tab reserved (no combat yet)"], "settings": {"sensitivity": 0.012, "deadzone": 0.12, "invert_y": false}, "eye_offset": [0.0, 0.0, 0.65], "audio": "explicitly disabled", "capture_method": "GraphicsOutput.saveScreenshot after graphicsEngine.renderFrame", "frames": 180, "ticks": 186, "input_events": 0, "mouse_events": 0, "ship": {"entity_id": "player", "position": [0.0, -15.0, 4.0], "velocity": [0.0, 0.0, 0.0], "orientation": [1.0, 0.0, 0.0, 0.0], "throttle": 0}, "health": {"entity_id": "player", "hull": 1.0, "hull_hp": 100.0, "state": "healthy", "subsystems": {"engine": 1.0, "weapons": 1.0, "sensors": 1.0}, "repairing": null, "repair_progress": 0.0, "engine_multiplier": 1.0, "turning_multiplier": 1.0, "weapons_multiplier": 1.0, "sensors_multiplier": 1.0}, "dropped_seconds": 0.020975000000000008, "drop_events": 1, "capture": "/opt/g-harness/workspace/G14/node_3_step_194/repo/artifacts/damage-release/offscreen.png"}
RUNTIME_SMOKE_PASS {"status": "passed", "captures": [{"mode": "window", "sha256": "48453bdf752489804abac6c1cc5e8e3da79bcb1f72412043fe7cde6c7996d531", "viewport_colors": 139, "foreground_fraction": 0.1308821118216101, "input_events": 1, "renderer": "llvmpipe (LLVM 21.1.8, 256 bits)", "capture": "/opt/g-harness/workspace/G14/node_3_step_194/repo/artifacts/damage-release/window.png", "frames": 180}, {"mode": "offscreen", "sha256": "96e7fe5a2bbb6c2f8595525420a9e4f1eb6ce2753762f2357286918ec6a38ed5", "viewport_colors": 145, "foreground_fraction": 0.1278078373503853, "input_events": 0, "renderer": "llvmpipe (LLVM 21.1.8, 256 bits)", "capture": "/opt/g-harness/workspace/G14/node_3_step_194/repo/artifacts/damage-release/offscreen.png", "frames": 180}], "input_scope": "XTest Right-arrow through X11/Panda event loop, not a human/device playtest", "audio_scope": "muted; audible playback NOT verified"}
