:display: loading display module: libpandagl.so
Known pipe types:
  glxGraphicsPipe
(1 aux display modules not yet loaded.)
:display: Created output of type glxGraphicsWindow
:audio: NullAudioManager
:audio: NullAudioManager
:pnmtext: Loaded font Perspective Sans Regular
RENDERER {"engine": "Panda3D", "mode": "window", "output_type": "glxGraphicsWindow", "renderer": "llvmpipe (LLVM 21.1.8, 256 bits)", "vendor": "Mesa", "driver": "4.5 (Compatibility Profile) Mesa 26.0.8-1ubuntu0.3", "size": [960, 540], "seed": 14, "fixed_dt": 0.016666666666666666, "render_hz": 60, "controls": ["W/S raise/lower throttle | B brake and zero throttle", "A/D roll left/right | Arrows: nose up/down/left/right", "Mouse: aim stick (up = nose up) | C: center aim", "Hold Home: level horizon | Esc: pause/resume | F10: quit", "R: flight interlock only (brakes + locks turning; no repair yet)", "Space/LMB, Tab, 1/2/3: reserved inputs (no combat yet)"], "settings": {"sensitivity": 0.012, "deadzone": 0.12, "invert_y": false}, "eye_offset": [0.0, 0.0, 0.65], "audio": "explicitly disabled", "capture_method": "GraphicsOutput.saveScreenshot after graphicsEngine.renderFrame", "window_id": 4194312}
WINDOW_READY
TIME_DROP 0.7139490000000001
FLIGHT_FRAME 1
:display:x11display(warning): XF86DGA extension not available, cannot enable relative mouse mode
:display: Unable to set window properties: !undecorated !fixed_size relative 
FLIGHT_FRAME 2
FLIGHT_FRAME 3
FLIGHT_FRAME 4
FLIGHT_FRAME 5
FLIGHT_FRAME 6
FLIGHT_FRAME 7
FLIGHT_FRAME 8
FLIGHT_FRAME 9
FLIGHT_FRAME 10
FLIGHT_FRAME 11
FLIGHT_FRAME 12
FLIGHT_FRAME 13
FLIGHT_FRAME 14
FLIGHT_FRAME 15
FLIGHT_FRAME 16
FLIGHT_FRAME 17
FLIGHT_FRAME 18
FLIGHT_FRAME 19
FLIGHT_FRAME 20
FLIGHT_FRAME 21
FLIGHT_FRAME 22
FLIGHT_FRAME 23
FLIGHT_FRAME 24
FLIGHT_FRAME 25
FLIGHT_FRAME 26
FLIGHT_FRAME 27
FLIGHT_FRAME 28
FLIGHT_FRAME 29
FLIGHT_FRAME 30
INPUT w down
FLIGHT_FRAME 31
FLIGHT_FRAME 32
FLIGHT_FRAME 33
FLIGHT_FRAME 34
FLIGHT_FRAME 35
FLIGHT_FRAME 36
FLIGHT_FRAME 37
FLIGHT_FRAME 38
FLIGHT_FRAME 39
FLIGHT_FRAME 40
FLIGHT_FRAME 41
FLIGHT_FRAME 42
FLIGHT_FRAME 43
FLIGHT_FRAME 44
FLIGHT_FRAME 45
FLIGHT_FRAME 46
FLIGHT_FRAME 47
FLIGHT_FRAME 48
FLIGHT_FRAME 49
FLIGHT_FRAME 50
FLIGHT_FRAME 51
FLIGHT_FRAME 52
FLIGHT_FRAME 53
FLIGHT_FRAME 54
FLIGHT_FRAME 55
FLIGHT_FRAME 56
FLIGHT_FRAME 57
FLIGHT_FRAME 58
FLIGHT_FRAME 59
FLIGHT_FRAME 60
FLIGHT_FRAME 61
FLIGHT_FRAME 62
FLIGHT_FRAME 63
FLIGHT_FRAME 64
FLIGHT_FRAME 65
FLIGHT_FRAME 66
FLIGHT_FRAME 67
FLIGHT_FRAME 68
FLIGHT_FRAME 69
FLIGHT_FRAME 70
FLIGHT_FRAME 71
FLIGHT_FRAME 72
FLIGHT_FRAME 73
FLIGHT_FRAME 74
FLIGHT_FRAME 75
FLIGHT_FRAME 76
FLIGHT_FRAME 77
FLIGHT_FRAME 78
FLIGHT_FRAME 79
FLIGHT_FRAME 80
FLIGHT_FRAME 81
FLIGHT_FRAME 82
FLIGHT_FRAME 83
FLIGHT_FRAME 84
FLIGHT_FRAME 85
FLIGHT_FRAME 86
FLIGHT_FRAME 87
FLIGHT_FRAME 88
FLIGHT_FRAME 89
FLIGHT_FRAME 90
INPUT w up
FLIGHT_FRAME 91
FLIGHT_FRAME 92
FLIGHT_FRAME 93
FLIGHT_FRAME 94
FLIGHT_FRAME 95
INPUT s down
FLIGHT_FRAME 96
FLIGHT_FRAME 97
FLIGHT_FRAME 98
FLIGHT_FRAME 99
FLIGHT_FRAME 100
FLIGHT_FRAME 101
FLIGHT_FRAME 102
FLIGHT_FRAME 103
FLIGHT_FRAME 104
FLIGHT_FRAME 105
FLIGHT_FRAME 106
FLIGHT_FRAME 107
FLIGHT_FRAME 108
FLIGHT_FRAME 109
FLIGHT_FRAME 110
INPUT s up
FLIGHT_FRAME 111
FLIGHT_FRAME 112
FLIGHT_FRAME 113
FLIGHT_FRAME 114
FLIGHT_FRAME 115
INPUT arrow_right down
INPUT arrow_up down
INPUT d down
INPUT w down
FLIGHT_FRAME 116
FLIGHT_FRAME 117
FLIGHT_FRAME 118
FLIGHT_FRAME 119
FLIGHT_FRAME 120
FLIGHT_FRAME 121
FLIGHT_FRAME 122
FLIGHT_FRAME 123
FLIGHT_FRAME 124
FLIGHT_FRAME 125
FLIGHT_FRAME 126
FLIGHT_FRAME 127
FLIGHT_FRAME 128
FLIGHT_FRAME 129
FLIGHT_FRAME 130
FLIGHT_FRAME 131
FLIGHT_FRAME 132
FLIGHT_FRAME 133
FLIGHT_FRAME 134
FLIGHT_FRAME 135
FLIGHT_FRAME 136
FLIGHT_FRAME 137
FLIGHT_FRAME 138
FLIGHT_FRAME 139
FLIGHT_FRAME 140
INPUT arrow_right up
INPUT arrow_up up
INPUT d up
INPUT w up
FLIGHT_FRAME 141
FLIGHT_FRAME 142
FLIGHT_FRAME 143
FLIGHT_FRAME 144
FLIGHT_FRAME 145
INPUT b down
FLIGHT_FRAME 146
FLIGHT_FRAME 147
FLIGHT_FRAME 148
FLIGHT_FRAME 149
FLIGHT_FRAME 150
FLIGHT_FRAME 151
FLIGHT_FRAME 152
FLIGHT_FRAME 153
FLIGHT_FRAME 154
FLIGHT_FRAME 155
FLIGHT_FRAME 156
FLIGHT_FRAME 157
FLIGHT_FRAME 158
FLIGHT_FRAME 159
FLIGHT_FRAME 160
FLIGHT_FRAME 161
FLIGHT_FRAME 162
FLIGHT_FRAME 163
FLIGHT_FRAME 164
FLIGHT_FRAME 165
FLIGHT_FRAME 166
FLIGHT_FRAME 167
FLIGHT_FRAME 168
FLIGHT_FRAME 169
FLIGHT_FRAME 170
FLIGHT_FRAME 171
FLIGHT_FRAME 172
FLIGHT_FRAME 173
FLIGHT_FRAME 174
FLIGHT_FRAME 175
FLIGHT_FRAME 176
FLIGHT_FRAME 177
FLIGHT_FRAME 178
FLIGHT_FRAME 179
FLIGHT_FRAME 180
FLIGHT_FRAME 181
FLIGHT_FRAME 182
FLIGHT_FRAME 183
FLIGHT_FRAME 184
FLIGHT_FRAME 185
FLIGHT_FRAME 186
FLIGHT_FRAME 187
FLIGHT_FRAME 188
FLIGHT_FRAME 189
FLIGHT_FRAME 190
INPUT b up
FLIGHT_FRAME 191
FLIGHT_FRAME 192
FLIGHT_FRAME 193
FLIGHT_FRAME 194
FLIGHT_FRAME 195
INPUT w down
INPUT arrow_left down
FLIGHT_FRAME 196
FLIGHT_FRAME 197
FLIGHT_FRAME 198
FLIGHT_FRAME 199
FLIGHT_FRAME 200
FLIGHT_FRAME 201
FLIGHT_FRAME 202
FLIGHT_FRAME 203
FLIGHT_FRAME 204
FLIGHT_FRAME 205
FLIGHT_FRAME 206
FLIGHT_FRAME 207
FLIGHT_FRAME 208
FLIGHT_FRAME 209
FLIGHT_FRAME 210
INPUT w up
INPUT arrow_left up
FLIGHT_FRAME 211
FLIGHT_FRAME 212
FLIGHT_FRAME 213
FLIGHT_FRAME 214
FLIGHT_FRAME 215
FLIGHT_FRAME 216
FLIGHT_FRAME 217
FLIGHT_FRAME 218
FLIGHT_FRAME 219
FLIGHT_FRAME 220
INPUT w up
INPUT arrow_left up
FLIGHT_FRAME 221
FLIGHT_FRAME 222
FLIGHT_FRAME 223
FLIGHT_FRAME 224
FLIGHT_FRAME 225
FLIGHT_FRAME 226
FLIGHT_FRAME 227
FLIGHT_FRAME 228
FLIGHT_FRAME 229
FLIGHT_FRAME 230
FLIGHT_FRAME 231
FLIGHT_FRAME 232
FLIGHT_FRAME 233
FLIGHT_FRAME 234
FLIGHT_FRAME 235
FLIGHT_FRAME 236
FLIGHT_FRAME 237
FLIGHT_FRAME 238
FLIGHT_FRAME 239
FLIGHT_FRAME 240
FLIGHT_FRAME 241
FLIGHT_FRAME 242
FLIGHT_FRAME 243
FLIGHT_FRAME 244
FLIGHT_FRAME 245
FLIGHT_FRAME 246
:display:x11display(warning): XF86DGA extension not available, cannot enable relative mouse mode
:display: Unable to set window properties: relative 
FLIGHT_FRAME 247
FLIGHT_FRAME 248
FLIGHT_FRAME 249
FLIGHT_FRAME 250
FLIGHT_FRAME 251
FLIGHT_FRAME 252
FLIGHT_FRAME 253
FLIGHT_FRAME 254
FLIGHT_FRAME 255
FLIGHT_FRAME 256
FLIGHT_FRAME 257
FLIGHT_FRAME 258
FLIGHT_FRAME 259
FLIGHT_FRAME 260
INPUT arrow_right down
INPUT w down
FLIGHT_FRAME 261
FLIGHT_FRAME 262
FLIGHT_FRAME 263
FLIGHT_FRAME 264
FLIGHT_FRAME 265
FLIGHT_FRAME 266
FLIGHT_FRAME 267
FLIGHT_FRAME 268
FLIGHT_FRAME 269
FLIGHT_FRAME 270
FLIGHT_FRAME 271
FLIGHT_FRAME 272
FLIGHT_FRAME 273
FLIGHT_FRAME 274
FLIGHT_FRAME 275
FLIGHT_FRAME 276
FLIGHT_FRAME 277
FLIGHT_FRAME 278
INPUT arrow_right up
INPUT w up
FLIGHT_FRAME 279
FLIGHT_FRAME 280
FLIGHT_FRAME 281
FLIGHT_FRAME 282
FLIGHT_FRAME 283
FLIGHT_FRAME 284
FLIGHT_FRAME 285
FLIGHT_FRAME 286
:display:x11display(warning): XF86DGA extension not available, cannot enable relative mouse mode
:display: Unable to set window properties: relative 
FLIGHT_FRAME 287
FLIGHT_FRAME 288
FLIGHT_FRAME 289
FLIGHT_FRAME 290
FLIGHT_FRAME 291
FLIGHT_FRAME 292
FLIGHT_FRAME 293
FLIGHT_FRAME 294
FLIGHT_FRAME 295
FLIGHT_FRAME 296
FLIGHT_FRAME 297
FLIGHT_FRAME 298
FLIGHT_FRAME 299
FLIGHT_FRAME 300
FLIGHT_FRAME 301
FLIGHT_FRAME 302
FLIGHT_FRAME 303
FLIGHT_FRAME 304
FLIGHT_FRAME 305
FLIGHT_FRAME 306
FLIGHT_FRAME 307
FLIGHT_FRAME 308
FLIGHT_FRAME 309
FLIGHT_FRAME 310
FLIGHT_FRAME 311
FLIGHT_FRAME 312
FLIGHT_FRAME 313
FLIGHT_FRAME 314
FLIGHT_FRAME 315
FLIGHT_FRAME 316
FLIGHT_FRAME 317
FLIGHT_FRAME 318
FLIGHT_FRAME 319
FLIGHT_FRAME 320
INPUT c down
FLIGHT_FRAME 321
FLIGHT_FRAME 322
FLIGHT_FRAME 323
FLIGHT_FRAME 324
FLIGHT_FRAME 325
INPUT c up
INPUT home down
INPUT b down
FLIGHT_FRAME 326
FLIGHT_FRAME 327
FLIGHT_FRAME 328
FLIGHT_FRAME 329
FLIGHT_FRAME 330
FLIGHT_FRAME 331
FLIGHT_FRAME 332
FLIGHT_FRAME 333
FLIGHT_FRAME 334
FLIGHT_FRAME 335
FLIGHT_FRAME 336
FLIGHT_FRAME 337
FLIGHT_FRAME 338
FLIGHT_FRAME 339
FLIGHT_FRAME 340
FLIGHT_FRAME 341
FLIGHT_FRAME 342
FLIGHT_FRAME 343
FLIGHT_FRAME 344
FLIGHT_FRAME 345
FLIGHT_FRAME 346
FLIGHT_FRAME 347
FLIGHT_FRAME 348
FLIGHT_FRAME 349
FLIGHT_FRAME 350
FLIGHT_FRAME 351
FLIGHT_FRAME 352
FLIGHT_FRAME 353
FLIGHT_FRAME 354
FLIGHT_FRAME 355
FLIGHT_FRAME 356
FLIGHT_FRAME 357
FLIGHT_FRAME 358
FLIGHT_FRAME 359
FLIGHT_FRAME 360
FLIGHT_FRAME 361
FLIGHT_FRAME 362
FLIGHT_FRAME 363
FLIGHT_FRAME 364
FLIGHT_FRAME 365
FLIGHT_FRAME 366
FLIGHT_FRAME 367
FLIGHT_FRAME 368
FLIGHT_FRAME 369
FLIGHT_FRAME 370
FLIGHT_FRAME 371
FLIGHT_FRAME 372
FLIGHT_FRAME 373
FLIGHT_FRAME 374
FLIGHT_FRAME 375
FLIGHT_FRAME 376
FLIGHT_FRAME 377
FLIGHT_FRAME 378
FLIGHT_FRAME 379
FLIGHT_FRAME 380
FLIGHT_FRAME 381
FLIGHT_FRAME 382
FLIGHT_FRAME 383
FLIGHT_FRAME 384
FLIGHT_FRAME 385
FLIGHT_FRAME 386
FLIGHT_FRAME 387
FLIGHT_FRAME 388
FLIGHT_FRAME 389
FLIGHT_FRAME 390
FLIGHT_FRAME 391
FLIGHT_FRAME 392
FLIGHT_FRAME 393
FLIGHT_FRAME 394
FLIGHT_FRAME 395
FLIGHT_FRAME 396
FLIGHT_FRAME 397
FLIGHT_FRAME 398
FLIGHT_FRAME 399
FLIGHT_FRAME 400
INPUT home up
INPUT b up
FLIGHT_FRAME 401
FLIGHT_FRAME 402
FLIGHT_FRAME 403
FLIGHT_FRAME 404
FLIGHT_FRAME 405
FLIGHT_FRAME 406
FLIGHT_FRAME 407
FLIGHT_FRAME 408
FLIGHT_FRAME 409
FLIGHT_FRAME 410
INPUT space down
INPUT mouse1 down
FLIGHT_FRAME 411
FLIGHT_FRAME 412
FLIGHT_FRAME 413
FLIGHT_FRAME 414
FLIGHT_FRAME 415
INPUT space up
INPUT mouse1 up
FLIGHT_FRAME 416
FLIGHT_FRAME 417
FLIGHT_FRAME 418
FLIGHT_FRAME 419
FLIGHT_FRAME 420
INPUT w down
INPUT s down
FLIGHT_FRAME 421
FLIGHT_FRAME 422
FLIGHT_FRAME 423
FLIGHT_FRAME 424
FLIGHT_FRAME 425
FLIGHT_FRAME 426
FLIGHT_FRAME 427
FLIGHT_FRAME 428
FLIGHT_FRAME 429
FLIGHT_FRAME 430
FLIGHT_FRAME 431
FLIGHT_FRAME 432
FLIGHT_FRAME 433
FLIGHT_FRAME 434
FLIGHT_FRAME 435
INPUT w up
FLIGHT_FRAME 436
FLIGHT_FRAME 437
FLIGHT_FRAME 438
FLIGHT_FRAME 439
FLIGHT_FRAME 440
FLIGHT_FRAME 441
FLIGHT_FRAME 442
FLIGHT_FRAME 443
FLIGHT_FRAME 444
FLIGHT_FRAME 445
INPUT s up
FLIGHT_FRAME 446
FLIGHT_FRAME 447
FLIGHT_FRAME 448
FLIGHT_FRAME 449
FLIGHT_FRAME 450
INPUT r down
INPUT w down
INPUT arrow_right down
FLIGHT_FRAME 451
FLIGHT_FRAME 452
FLIGHT_FRAME 453
FLIGHT_FRAME 454
FLIGHT_FRAME 455
FLIGHT_FRAME 456
FLIGHT_FRAME 457
FLIGHT_FRAME 458
FLIGHT_FRAME 459
FLIGHT_FRAME 460
FLIGHT_FRAME 461
FLIGHT_FRAME 462
FLIGHT_FRAME 463
FLIGHT_FRAME 464
FLIGHT_FRAME 465
INPUT r up
INPUT w up
INPUT arrow_right up
FLIGHT_FRAME 466
FLIGHT_FRAME 467
FLIGHT_FRAME 468
FLIGHT_FRAME 469
FLIGHT_FRAME 470
INPUT w down
FLIGHT_FRAME 471
FLIGHT_FRAME 472
FLIGHT_FRAME 473
FLIGHT_FRAME 474
FLIGHT_FRAME 475
FLIGHT_FRAME 476
FLIGHT_FRAME 477
FLIGHT_FRAME 478
FLIGHT_FRAME 479
FLIGHT_FRAME 480
FLIGHT_FRAME 481
FLIGHT_FRAME 482
FLIGHT_FRAME 483
FLIGHT_FRAME 484
FLIGHT_FRAME 485
FLIGHT_FRAME 486
FLIGHT_FRAME 487
FLIGHT_FRAME 488
FLIGHT_FRAME 489
FLIGHT_FRAME 490
INPUT w up
INPUT b down
FLIGHT_FRAME 491
FLIGHT_FRAME 492
FLIGHT_FRAME 493
FLIGHT_FRAME 494
FLIGHT_FRAME 495
FLIGHT_FRAME 496
FLIGHT_FRAME 497
FLIGHT_FRAME 498
FLIGHT_FRAME 499
FLIGHT_FRAME 500
FLIGHT_FRAME 501
FLIGHT_FRAME 502
FLIGHT_FRAME 503
FLIGHT_FRAME 504
FLIGHT_FRAME 505
FLIGHT_FRAME 506
FLIGHT_FRAME 507
FLIGHT_FRAME 508
FLIGHT_FRAME 509
FLIGHT_FRAME 510
FLIGHT_FRAME 511
FLIGHT_FRAME 512
FLIGHT_FRAME 513
FLIGHT_FRAME 514
FLIGHT_FRAME 515
INPUT b up
FLIGHT_FRAME 516
FLIGHT_FRAME 517
FLIGHT_FRAME 518
FLIGHT_FRAME 519
FLIGHT_FRAME 520
RUNTIME_PASS {"engine": "Panda3D", "mode": "window", "output_type": "glxGraphicsWindow", "renderer": "llvmpipe (LLVM 21.1.8, 256 bits)", "vendor": "Mesa", "driver": "4.5 (Compatibility Profile) Mesa 26.0.8-1ubuntu0.3", "size": [960, 540], "seed": 14, "fixed_dt": 0.016666666666666666, "render_hz": 60, "controls": ["W/S raise/lower throttle | B brake and zero throttle", "A/D roll left/right | Arrows: nose up/down/left/right", "Mouse: aim stick (up = nose up) | C: center aim", "Hold Home: level horizon | Esc: pause/resume | F10: quit", "R: flight interlock only (brakes + locks turning; no repair yet)", "Space/LMB, Tab, 1/2/3: reserved inputs (no combat yet)"], "settings": {"sensitivity": 0.012, "deadzone": 0.12, "invert_y": false}, "eye_offset": [0.0, 0.0, 0.65], "audio": "explicitly disabled", "capture_method": "GraphicsOutput.saveScreenshot after graphicsEngine.renderFrame", "window_id": 4194312, "frames": 520, "ticks": 495, "input_events": 23, "mouse_events": 1, "ship": {"entity_id": "player", "position": [12.487959861755371, 37.72625732421875, 10.074090003967285], "velocity": [0.0, 0.0, 0.0], "orientation": [0.9579574465751648, 0.0, 0.0, -0.2869102656841278], "throttle": 0}, "dropped_seconds": 0.7139490000000001, "drop_events": 1, "capture": null}
:display: Closing glxGraphicsWindow
