:display: loading display module: libpandagl.so
Known pipe types:
  glxGraphicsPipe
(1 aux display modules not yet loaded.)
:display: Created output of type glxGraphicsWindow
:audio: NullAudioManager
:audio: NullAudioManager
:pnmtext: Loaded font Perspective Sans Regular
RENDERER {"engine": "Panda3D", "mode": "window", "output_type": "glxGraphicsWindow", "renderer": "llvmpipe (LLVM 21.1.8, 256 bits)", "vendor": "Mesa", "driver": "4.5 (Compatibility Profile) Mesa 26.0.8-1ubuntu0.3", "size": [960, 540], "seed": 14, "fixed_dt": 0.016666666666666666, "render_hz": 30, "controls": ["W/S raise/lower throttle | B brake and zero throttle", "A/D roll left/right | Arrows: nose up/down/left/right", "Mouse aim disabled (--keyboard-only); use arrow keys", "Hold Home: level horizon | Esc: pause/resume | F10: quit", "R: hold to repair selected subsystem (brakes + locks)", "1/2/3 engine/weapons/sensors | Space/LMB fire | Q cycle weapon", "Tab: target lock | reticle lights when the locked target is in range"], "settings": {"sensitivity": 0.012, "deadzone": 0.12, "invert_y": false}, "eye_offset": [0.0, 0.0, 0.65], "audio": "explicitly disabled", "capture_method": "GraphicsOutput.saveScreenshot after graphicsEngine.renderFrame", "window_id": 4194312}
WINDOW_READY
TIME_DROP 0.35592100000000004
FLIGHT_FRAME 1
:display: Unable to set window properties: !undecorated !fixed_size 
INPUT arrow_left down
INPUT d down
FLIGHT_FRAME 2
FLIGHT_FRAME 3
FLIGHT_FRAME 4
FLIGHT_FRAME 5
FLIGHT_FRAME 6
FLIGHT_FRAME 7
FLIGHT_FRAME 8
FLIGHT_FRAME 9
FLIGHT_FRAME 10
FLIGHT_FRAME 11
FLIGHT_FRAME 12
FLIGHT_FRAME 13
FLIGHT_FRAME 14
FLIGHT_FRAME 15
FLIGHT_FRAME 16
INPUT arrow_left up
INPUT d up
INPUT home down
FLIGHT_FRAME 17
FLIGHT_FRAME 18
FLIGHT_FRAME 19
FLIGHT_FRAME 20
FLIGHT_FRAME 21
FLIGHT_FRAME 22
FLIGHT_FRAME 23
FLIGHT_FRAME 24
FLIGHT_FRAME 25
FLIGHT_FRAME 26
FLIGHT_FRAME 27
FLIGHT_FRAME 28
FLIGHT_FRAME 29
FLIGHT_FRAME 30
FLIGHT_FRAME 31
FLIGHT_FRAME 32
FLIGHT_FRAME 33
FLIGHT_FRAME 34
FLIGHT_FRAME 35
FLIGHT_FRAME 36
FLIGHT_FRAME 37
FLIGHT_FRAME 38
FLIGHT_FRAME 39
FLIGHT_FRAME 40
FLIGHT_FRAME 41
FLIGHT_FRAME 42
FLIGHT_FRAME 43
FLIGHT_FRAME 44
FLIGHT_FRAME 45
FLIGHT_FRAME 46
FLIGHT_FRAME 47
FLIGHT_FRAME 48
FLIGHT_FRAME 49
FLIGHT_FRAME 50
FLIGHT_FRAME 51
FLIGHT_FRAME 52
FLIGHT_FRAME 53
FLIGHT_FRAME 54
FLIGHT_FRAME 55
FLIGHT_FRAME 56
FLIGHT_FRAME 57
INPUT home up
INPUT arrow_down down
INPUT arrow_right down
INPUT w down
FLIGHT_FRAME 58
FLIGHT_FRAME 59
FLIGHT_FRAME 60
FLIGHT_FRAME 61
INPUT arrow_down up
FLIGHT_FRAME 62
FLIGHT_FRAME 63
FLIGHT_FRAME 64
FLIGHT_FRAME 65
FLIGHT_FRAME 66
FLIGHT_FRAME 67
FLIGHT_FRAME 68
FLIGHT_FRAME 69
FLIGHT_FRAME 70
FLIGHT_FRAME 71
FLIGHT_FRAME 72
FLIGHT_FRAME 73
FLIGHT_FRAME 74
FLIGHT_FRAME 75
FLIGHT_FRAME 76
FLIGHT_FRAME 77
FLIGHT_FRAME 78
FLIGHT_FRAME 79
INPUT arrow_right up
FLIGHT_FRAME 80
FLIGHT_FRAME 81
FLIGHT_FRAME 82
FLIGHT_FRAME 83
FLIGHT_FRAME 84
FLIGHT_FRAME 85
INPUT w up
FLIGHT_FRAME 86
FLIGHT_FRAME 87
FLIGHT_FRAME 88
FLIGHT_FRAME 89
FLIGHT_FRAME 90
FLIGHT_FRAME 91
FLIGHT_FRAME 92
FLIGHT_FRAME 93
FLIGHT_FRAME 94
FLIGHT_FRAME 95
FLIGHT_FRAME 96
FLIGHT_FRAME 97
FLIGHT_FRAME 98
FLIGHT_FRAME 99
FLIGHT_FRAME 100
FLIGHT_FRAME 101
FLIGHT_FRAME 102
FLIGHT_FRAME 103
FLIGHT_FRAME 104
FLIGHT_FRAME 105
FLIGHT_FRAME 106
FLIGHT_FRAME 107
FLIGHT_FRAME 108
FLIGHT_FRAME 109
INPUT arrow_down down
FLIGHT_FRAME 110
INPUT arrow_down up
FLIGHT_FRAME 111
FLIGHT_FRAME 112
FLIGHT_FRAME 113
FLIGHT_FRAME 114
FLIGHT_FRAME 115
FLIGHT_FRAME 116
FLIGHT_FRAME 117
FLIGHT_FRAME 118
FLIGHT_FRAME 119
FLIGHT_FRAME 120
FLIGHT_FRAME 121
FLIGHT_FRAME 122
FLIGHT_FRAME 123
FLIGHT_FRAME 124
FLIGHT_FRAME 125
FLIGHT_FRAME 126
FLIGHT_FRAME 127
FLIGHT_FRAME 128
FLIGHT_FRAME 129
FLIGHT_FRAME 130
FLIGHT_FRAME 131
FLIGHT_FRAME 132
FLIGHT_FRAME 133
FLIGHT_FRAME 134
FLIGHT_FRAME 135
FLIGHT_FRAME 136
FLIGHT_FRAME 137
INPUT arrow_right down
FLIGHT_FRAME 138
INPUT arrow_right up
FLIGHT_FRAME 139
FLIGHT_FRAME 140
FLIGHT_FRAME 141
FLIGHT_FRAME 142
FLIGHT_FRAME 143
FLIGHT_FRAME 144
INPUT b down
FLIGHT_FRAME 145
FLIGHT_FRAME 146
FLIGHT_FRAME 147
FLIGHT_FRAME 148
FLIGHT_FRAME 149
FLIGHT_FRAME 150
FLIGHT_FRAME 151
FLIGHT_FRAME 152
FLIGHT_FRAME 153
FLIGHT_FRAME 154
FLIGHT_FRAME 155
FLIGHT_FRAME 156
FLIGHT_FRAME 157
FLIGHT_FRAME 158
FLIGHT_FRAME 159
FLIGHT_FRAME 160
FLIGHT_FRAME 161
FLIGHT_FRAME 162
FLIGHT_FRAME 163
FLIGHT_FRAME 164
FLIGHT_FRAME 165
FLIGHT_FRAME 166
FLIGHT_FRAME 167
FLIGHT_FRAME 168
FLIGHT_FRAME 169
FLIGHT_FRAME 170
FLIGHT_FRAME 171
FLIGHT_FRAME 172
FLIGHT_FRAME 173
FLIGHT_FRAME 174
FLIGHT_FRAME 175
FLIGHT_FRAME 176
FLIGHT_FRAME 177
FLIGHT_FRAME 178
FLIGHT_FRAME 179
FLIGHT_FRAME 180
FLIGHT_FRAME 181
FLIGHT_FRAME 182
FLIGHT_FRAME 183
FLIGHT_FRAME 184
FLIGHT_FRAME 185
FLIGHT_FRAME 186
FLIGHT_FRAME 187
FLIGHT_FRAME 188
FLIGHT_FRAME 189
FLIGHT_FRAME 190
FLIGHT_FRAME 191
FLIGHT_FRAME 192
FLIGHT_FRAME 193
FLIGHT_FRAME 194
FLIGHT_FRAME 195
FLIGHT_FRAME 196
FLIGHT_FRAME 197
FLIGHT_FRAME 198
FLIGHT_FRAME 199
FLIGHT_FRAME 200
FLIGHT_FRAME 201
FLIGHT_FRAME 202
FLIGHT_FRAME 203
FLIGHT_FRAME 204
FLIGHT_FRAME 205
FLIGHT_FRAME 206
FLIGHT_FRAME 207
FLIGHT_FRAME 208
FLIGHT_FRAME 209
FLIGHT_FRAME 210
FLIGHT_FRAME 211
FLIGHT_FRAME 212
FLIGHT_FRAME 213
FLIGHT_FRAME 214
FLIGHT_FRAME 215
FLIGHT_FRAME 216
FLIGHT_FRAME 217
FLIGHT_FRAME 218
FLIGHT_FRAME 219
FLIGHT_FRAME 220
FLIGHT_FRAME 221
FLIGHT_FRAME 222
FLIGHT_FRAME 223
FLIGHT_FRAME 224
FLIGHT_FRAME 225
FLIGHT_FRAME 226
FLIGHT_FRAME 227
FLIGHT_FRAME 228
FLIGHT_FRAME 229
FLIGHT_FRAME 230
FLIGHT_FRAME 231
FLIGHT_FRAME 232
FLIGHT_FRAME 233
FLIGHT_FRAME 234
FLIGHT_FRAME 235
FLIGHT_FRAME 236
FLIGHT_FRAME 237
FLIGHT_FRAME 238
FLIGHT_FRAME 239
FLIGHT_FRAME 240
FLIGHT_FRAME 241
FLIGHT_FRAME 242
FLIGHT_FRAME 243
FLIGHT_FRAME 244
FLIGHT_FRAME 245
FLIGHT_FRAME 246
FLIGHT_FRAME 247
FLIGHT_FRAME 248
FLIGHT_FRAME 249
FLIGHT_FRAME 250
FLIGHT_FRAME 251
FLIGHT_FRAME 252
FLIGHT_FRAME 253
FLIGHT_FRAME 254
FLIGHT_FRAME 255
FLIGHT_FRAME 256
FLIGHT_FRAME 257
FLIGHT_FRAME 258
FLIGHT_FRAME 259
FLIGHT_FRAME 260
FLIGHT_FRAME 261
FLIGHT_FRAME 262
FLIGHT_FRAME 263
FLIGHT_FRAME 264
FLIGHT_FRAME 265
FLIGHT_FRAME 266
FLIGHT_FRAME 267
FLIGHT_FRAME 268
FLIGHT_FRAME 269
FLIGHT_FRAME 270
RUNTIME_PASS {"engine": "Panda3D", "mode": "window", "output_type": "glxGraphicsWindow", "renderer": "llvmpipe (LLVM 21.1.8, 256 bits)", "vendor": "Mesa", "driver": "4.5 (Compatibility Profile) Mesa 26.0.8-1ubuntu0.3", "size": [960, 540], "seed": 14, "fixed_dt": 0.016666666666666666, "render_hz": 30, "controls": ["W/S raise/lower throttle | B brake and zero throttle", "A/D roll left/right | Arrows: nose up/down/left/right", "Mouse aim disabled (--keyboard-only); use arrow keys", "Hold Home: level horizon | Esc: pause/resume | F10: quit", "R: hold to repair selected subsystem (brakes + locks)", "1/2/3 engine/weapons/sensors | Space/LMB fire | Q cycle weapon", "Tab: target lock | reticle lights when the locked target is in range"], "settings": {"sensitivity": 0.012, "deadzone": 0.12, "invert_y": false}, "eye_offset": [0.0, 0.0, 0.65], "audio": "explicitly disabled", "capture_method": "GraphicsOutput.saveScreenshot after graphicsEngine.renderFrame", "window_id": 4194312, "frames": 270, "ticks": 552, "input_events": 9, "mouse_events": 0, "ship": {"entity_id": "player", "position": [16.078197479248047, 47.25979232788086, -3.249274253845215], "velocity": [0.0, 0.0, -0.0], "orientation": [0.9845482707023621, -0.06723544746637344, -0.0360395684838295, -0.15762273967266083], "throttle": 0.0}, "health": {"entity_id": "player", "hull": 1.0, "hull_hp": 100.0, "state": "healthy", "subsystems": {"engine": 1.0, "weapons": 1.0, "sensors": 1.0}, "repairing": null, "repair_progress": 0.0, "engine_multiplier": 1.0, "turning_multiplier": 1.0, "weapons_multiplier": 1.0, "sensors_multiplier": 1.0}, "weapons": {"weapon": "cannon", "weapon_name": "Rapid Cannon", "ready": true, "cooldown_remaining": 0.0, "heat": 0.0, "heat_capacity": 100.0, "overheated": false, "weapons_multiplier": 1.0, "firing_blocked": false, "locked_target": null, "lock_in_range": false, "lock_in_front": false, "on_target": false, "projectiles": 0, "fired": 0, "hits": 0, "misses": 0}, "enemy_health": {}, "enemy_state": [], "dropped_seconds": 0.35592100000000004, "drop_events": 1, "capture": null}
:display: Closing glxGraphicsWindow
