COMMAND /opt/g-harness/workspace/G14/node_8_step_218/ai-game-07/.venv/bin/python -m breach.app --mute --offscreen --frames 200 --trace-dir artifacts/mission-runtime/lifecycle/trace --report artifacts/mission-runtime/lifecycle/report.json --capture-frames 40,120,180 --key-script artifacts/mission-runtime/lifecycle/key-script.json
:display: loading display module: libpandagl.so
Known pipe types:
  glxGraphicsPipe
(1 aux display modules not yet loaded.)
:display: Created output of type glxGraphicsBuffer
:audio: NullAudioManager
:audio: NullAudioManager
:pnmtext: Loaded font Perspective Sans Regular
RENDERER {"engine": "Panda3D", "mode": "offscreen", "output_type": "glxGraphicsBuffer", "renderer": "llvmpipe (LLVM 21.1.8, 256 bits)", "vendor": "Mesa", "driver": "4.5 (Compatibility Profile) Mesa 26.0.8-1ubuntu0.3", "size": [960, 540], "seed": 14, "fixed_dt": 0.016666666666666666, "render_hz": 60, "controls": ["W/S raise/lower throttle | B brake and zero throttle", "A/D roll left/right | Arrows: nose up/down/left/right", "Mouse: aim stick (up = nose up) | C: center aim", "Hold Home: level horizon | Esc: pause/resume | F10: quit", "R: hold to repair selected subsystem (brakes + locks)", "1/2/3 engine/weapons/sensors | Space/LMB fire | Q cycle weapon", "Tab: target lock | reticle lights when the locked target is in range", "N: restart the mission after victory or defeat"], "settings": {"sensitivity": 0.012, "deadzone": 0.12, "invert_y": false}, "eye_offset": [0.0, 0.0, 0.65], "audio": "muted", "master_volume": 1.0, "capture_method": "GraphicsOutput.saveScreenshot after graphicsEngine.renderFrame"}
WINDOW_READY
TIME_DROP 1.003475
FLIGHT_FRAME 1
FLIGHT_FRAME 2
FLIGHT_FRAME 3
FLIGHT_FRAME 4
FLIGHT_FRAME 5
FLIGHT_FRAME 6
FLIGHT_FRAME 7
FLIGHT_FRAME 8
FLIGHT_FRAME 9
FLIGHT_FRAME 10
FLIGHT_FRAME 11
FLIGHT_FRAME 12
FLIGHT_FRAME 13
FLIGHT_FRAME 14
FLIGHT_FRAME 15
FLIGHT_FRAME 16
FLIGHT_FRAME 17
FLIGHT_FRAME 18
FLIGHT_FRAME 19
FLIGHT_FRAME 20
FLIGHT_FRAME 21
FLIGHT_FRAME 22
FLIGHT_FRAME 23
FLIGHT_FRAME 24
FLIGHT_FRAME 25
FLIGHT_FRAME 26
FLIGHT_FRAME 27
FLIGHT_FRAME 28
FLIGHT_FRAME 29
FLIGHT_FRAME 30
FLIGHT_FRAME 31
FLIGHT_FRAME 32
FLIGHT_FRAME 33
FLIGHT_FRAME 34
FLIGHT_FRAME 35
FLIGHT_FRAME 36
FLIGHT_FRAME 37
FLIGHT_FRAME 38
FLIGHT_FRAME 39
FLIGHT_FRAME 40
FLIGHT_FRAME 41
FLIGHT_FRAME 42
FLIGHT_FRAME 43
FLIGHT_FRAME 44
FLIGHT_FRAME 45
FLIGHT_FRAME 46
FLIGHT_FRAME 47
FLIGHT_FRAME 48
FLIGHT_FRAME 49
FLIGHT_FRAME 50
FLIGHT_FRAME 51
FLIGHT_FRAME 52
FLIGHT_FRAME 53
FLIGHT_FRAME 54
FLIGHT_FRAME 55
FLIGHT_FRAME 56
FLIGHT_FRAME 57
FLIGHT_FRAME 58
FLIGHT_FRAME 59
FLIGHT_FRAME 60
FLIGHT_FRAME 61
FLIGHT_FRAME 62
FLIGHT_FRAME 63
FLIGHT_FRAME 64
FLIGHT_FRAME 65
FLIGHT_FRAME 66
FLIGHT_FRAME 67
FLIGHT_FRAME 68
FLIGHT_FRAME 69
FLIGHT_FRAME 70
FLIGHT_FRAME 71
FLIGHT_FRAME 72
FLIGHT_FRAME 73
FLIGHT_FRAME 74
FLIGHT_FRAME 75
FLIGHT_FRAME 76
FLIGHT_FRAME 77
FLIGHT_FRAME 78
FLIGHT_FRAME 79
FLIGHT_FRAME 80
FLIGHT_FRAME 81
FLIGHT_FRAME 82
FLIGHT_FRAME 83
FLIGHT_FRAME 84
FLIGHT_FRAME 85
FLIGHT_FRAME 86
FLIGHT_FRAME 87
FLIGHT_FRAME 88
FLIGHT_FRAME 89
FLIGHT_FRAME 90
FLIGHT_FRAME 91
FLIGHT_FRAME 92
FLIGHT_FRAME 93
FLIGHT_FRAME 94
FLIGHT_FRAME 95
FLIGHT_FRAME 96
FLIGHT_FRAME 97
FLIGHT_FRAME 98
FLIGHT_FRAME 99
MISSION_RESTART phase=combat wave=1
INPUT n down
FLIGHT_FRAME 100
FLIGHT_FRAME 101
FLIGHT_FRAME 102
FLIGHT_FRAME 103
FLIGHT_FRAME 104
FLIGHT_FRAME 105
FLIGHT_FRAME 106
FLIGHT_FRAME 107
FLIGHT_FRAME 108
FLIGHT_FRAME 109
FLIGHT_FRAME 110
FLIGHT_FRAME 111
FLIGHT_FRAME 112
FLIGHT_FRAME 113
FLIGHT_FRAME 114
FLIGHT_FRAME 115
FLIGHT_FRAME 116
FLIGHT_FRAME 117
FLIGHT_FRAME 118
FLIGHT_FRAME 119
FLIGHT_FRAME 120
TIME_DROP 0.04228400000000007
FLIGHT_FRAME 121
FLIGHT_FRAME 122
FLIGHT_FRAME 123
FLIGHT_FRAME 124
FLIGHT_FRAME 125
FLIGHT_FRAME 126
FLIGHT_FRAME 127
FLIGHT_FRAME 128
FLIGHT_FRAME 129
FLIGHT_FRAME 130
FLIGHT_FRAME 131
FLIGHT_FRAME 132
FLIGHT_FRAME 133
FLIGHT_FRAME 134
FLIGHT_FRAME 135
FLIGHT_FRAME 136
FLIGHT_FRAME 137
FLIGHT_FRAME 138
FLIGHT_FRAME 139
FLIGHT_FRAME 140
FLIGHT_FRAME 141
FLIGHT_FRAME 142
FLIGHT_FRAME 143
FLIGHT_FRAME 144
FLIGHT_FRAME 145
FLIGHT_FRAME 146
FLIGHT_FRAME 147
FLIGHT_FRAME 148
FLIGHT_FRAME 149
FLIGHT_FRAME 150
FLIGHT_FRAME 151
FLIGHT_FRAME 152
FLIGHT_FRAME 153
FLIGHT_FRAME 154
FLIGHT_FRAME 155
FLIGHT_FRAME 156
FLIGHT_FRAME 157
FLIGHT_FRAME 158
FLIGHT_FRAME 159
FLIGHT_FRAME 160
FLIGHT_FRAME 161
FLIGHT_FRAME 162
FLIGHT_FRAME 163
FLIGHT_FRAME 164
FLIGHT_FRAME 165
FLIGHT_FRAME 166
FLIGHT_FRAME 167
FLIGHT_FRAME 168
FLIGHT_FRAME 169
FLIGHT_FRAME 170
FLIGHT_FRAME 171
FLIGHT_FRAME 172
FLIGHT_FRAME 173
FLIGHT_FRAME 174
FLIGHT_FRAME 175
FLIGHT_FRAME 176
FLIGHT_FRAME 177
FLIGHT_FRAME 178
FLIGHT_FRAME 179
FLIGHT_FRAME 180
TIME_DROP 0.01612099999999969
FLIGHT_FRAME 181
FLIGHT_FRAME 182
FLIGHT_FRAME 183
FLIGHT_FRAME 184
FLIGHT_FRAME 185
FLIGHT_FRAME 186
FLIGHT_FRAME 187
FLIGHT_FRAME 188
FLIGHT_FRAME 189
FLIGHT_FRAME 190
FLIGHT_FRAME 191
FLIGHT_FRAME 192
FLIGHT_FRAME 193
FLIGHT_FRAME 194
FLIGHT_FRAME 195
FLIGHT_FRAME 196
FLIGHT_FRAME 197
FLIGHT_FRAME 198
FLIGHT_FRAME 199
FLIGHT_FRAME 200
RUNTIME_PASS {"engine": "Panda3D", "mode": "offscreen", "output_type": "glxGraphicsBuffer", "renderer": "llvmpipe (LLVM 21.1.8, 256 bits)", "vendor": "Mesa", "driver": "4.5 (Compatibility Profile) Mesa 26.0.8-1ubuntu0.3", "size": [960, 540], "seed": 14, "fixed_dt": 0.016666666666666666, "render_hz": 60, "controls": ["W/S raise/lower throttle | B brake and zero throttle", "A/D roll left/right | Arrows: nose up/down/left/right", "Mouse: aim stick (up = nose up) | C: center aim", "Hold Home: level horizon | Esc: pause/resume | F10: quit", "R: hold to repair selected subsystem (brakes + locks)", "1/2/3 engine/weapons/sensors | Space/LMB fire | Q cycle weapon", "Tab: target lock | reticle lights when the locked target is in range", "N: restart the mission after victory or defeat"], "settings": {"sensitivity": 0.012, "deadzone": 0.12, "invert_y": false}, "eye_offset": [0.0, 0.0, 0.65], "audio": "muted", "master_volume": 1.0, "capture_method": "GraphicsOutput.saveScreenshot after graphicsEngine.renderFrame", "frames": 200, "ticks": 86, "input_events": 1, "mouse_events": 0, "ship": {"entity_id": "player", "position": [0.0, -15.0, 4.0], "velocity": [0.0, 0.0, 0.0], "orientation": [1.0, 0.0, 0.0, 0.0], "throttle": 0}, "health": {"entity_id": "player", "hull": 0.04, "hull_hp": 4.0, "state": "burning", "subsystems": {"engine": 1.0, "weapons": 0.0, "sensors": 1.0}, "repairing": null, "repair_progress": 0.0, "engine_multiplier": 1.0, "turning_multiplier": 1.0, "weapons_multiplier": 0.0, "sensors_multiplier": 1.0}, "weapons": {"weapon": "cannon", "weapon_name": "Rapid Cannon", "ready": false, "cooldown_remaining": 0.06666666666666668, "heat": 17.0, "heat_capacity": 100.0, "overheated": false, "weapons_multiplier": 0.0, "firing_blocked": true, "locked_target": null, "lock_in_range": false, "lock_in_front": false, "on_target": false, "projectiles": 2, "fired": 10, "hits": 8, "misses": 0}, "enemy_health": {"fighter-1": {"entity_id": "fighter-1", "hull": 1.0, "hull_hp": 100.0, "state": "healthy", "subsystems": {"engine": 1.0, "weapons": 1.0, "sensors": 1.0}, "repairing": null, "repair_progress": 0.0, "engine_multiplier": 1.0, "turning_multiplier": 1.0, "weapons_multiplier": 1.0, "sensors_multiplier": 1.0}}, "enemy_state": [{"entity_id": "fighter-1", "kind": "fighter", "faction": "enemy", "position": [-1.3897287090003374e-06, 24.103357315063477, 4.0], "velocity": [-1.2420216535247164e-06, -14.207071304321289, 0.0], "speed": 14.207071304321289, "throttle": 0.3157126978324358, "hull": 1.0, "hull_hp": 100.0, "state": "healthy", "subsystems": {"engine": 1.0, "weapons": 1.0, "sensors": 1.0}, "repairing": null, "repair_progress": 0.0, "repair_interruptions": 0, "firing": false, "destroyed": false}], "dropped_seconds": 0.05840499999999976, "drop_events": 2, "effects": {"active": 31, "by_kind": {"smoke": 15, "fire": 7, "spark": 9}, "fire_loop": true}, "effects_event_tally": {"fire": 10, "impact": 8}, "effects_destroyed_kinds": [], "mission": {"phase": "combat", "wave": 1, "total_waves": 4, "objective": "Destroy the patrol fighter", "remaining_enemies": ["fighter-1"], "terminal": false, "restart_hint": ""}, "mission_transitions": [], "audio_played": 40, "audio_events": 40, "audio_tally": {"cannon": 20, "impact": 17, "fire_loop": 2, "explosion_fighter": 1}, "audio_cues": {"name": "cannon", "volume": 0.8429, "loop": false}, "capture": null}
