:display: loading display module: libpandagl.so
Known pipe types:
  glxGraphicsPipe
(1 aux display modules not yet loaded.)
:display: Created output of type glxGraphicsWindow
:audio: NullAudioManager
:audio: NullAudioManager
:pnmtext: Loaded font Perspective Sans Regular
RENDERER {"engine": "Panda3D", "mode": "window", "output_type": "glxGraphicsWindow", "renderer": "llvmpipe (LLVM 21.1.8, 256 bits)", "vendor": "Mesa", "driver": "4.5 (Compatibility Profile) Mesa 26.0.8-1ubuntu0.3", "size": [960, 540], "seed": 14, "fixed_dt": 0.016666666666666666, "render_hz": 144, "controls": ["W/S raise/lower throttle | B brake and zero throttle", "A/D roll left/right | Arrows: nose up/down/left/right", "Mouse aim disabled (--keyboard-only); use arrow keys", "Hold Home: level horizon | Esc: pause/resume | F10: quit", "R: hold to repair selected subsystem (brakes + locks)", "1/2/3 engine/weapons/sensors | Space/LMB, Tab reserved (no combat yet)"], "settings": {"sensitivity": 0.012, "deadzone": 0.12, "invert_y": false}, "eye_offset": [0.0, 0.0, 0.65], "audio": "explicitly disabled", "capture_method": "GraphicsOutput.saveScreenshot after graphicsEngine.renderFrame", "window_id": 4194312}
WINDOW_READY
TIME_DROP 0.45110800000000006
FLIGHT_FRAME 1
:display: Unable to set window properties: !undecorated !fixed_size 
INPUT arrow_left down
INPUT d down
FLIGHT_FRAME 2
FLIGHT_FRAME 3
FLIGHT_FRAME 4
FLIGHT_FRAME 5
FLIGHT_FRAME 6
FLIGHT_FRAME 7
FLIGHT_FRAME 8
FLIGHT_FRAME 9
FLIGHT_FRAME 10
FLIGHT_FRAME 11
FLIGHT_FRAME 12
FLIGHT_FRAME 13
FLIGHT_FRAME 14
FLIGHT_FRAME 15
FLIGHT_FRAME 16
FLIGHT_FRAME 17
FLIGHT_FRAME 18
FLIGHT_FRAME 19
FLIGHT_FRAME 20
FLIGHT_FRAME 21
FLIGHT_FRAME 22
FLIGHT_FRAME 23
FLIGHT_FRAME 24
FLIGHT_FRAME 25
FLIGHT_FRAME 26
FLIGHT_FRAME 27
FLIGHT_FRAME 28
FLIGHT_FRAME 29
FLIGHT_FRAME 30
FLIGHT_FRAME 31
FLIGHT_FRAME 32
FLIGHT_FRAME 33
FLIGHT_FRAME 34
FLIGHT_FRAME 35
FLIGHT_FRAME 36
FLIGHT_FRAME 37
FLIGHT_FRAME 38
FLIGHT_FRAME 39
FLIGHT_FRAME 40
FLIGHT_FRAME 41
FLIGHT_FRAME 42
FLIGHT_FRAME 43
FLIGHT_FRAME 44
FLIGHT_FRAME 45
FLIGHT_FRAME 46
FLIGHT_FRAME 47
FLIGHT_FRAME 48
FLIGHT_FRAME 49
FLIGHT_FRAME 50
FLIGHT_FRAME 51
FLIGHT_FRAME 52
FLIGHT_FRAME 53
FLIGHT_FRAME 54
FLIGHT_FRAME 55
FLIGHT_FRAME 56
FLIGHT_FRAME 57
FLIGHT_FRAME 58
FLIGHT_FRAME 59
FLIGHT_FRAME 60
FLIGHT_FRAME 61
FLIGHT_FRAME 62
FLIGHT_FRAME 63
FLIGHT_FRAME 64
FLIGHT_FRAME 65
FLIGHT_FRAME 66
FLIGHT_FRAME 67
FLIGHT_FRAME 68
FLIGHT_FRAME 69
FLIGHT_FRAME 70
INPUT arrow_left up
INPUT d up
INPUT home down
FLIGHT_FRAME 71
FLIGHT_FRAME 72
FLIGHT_FRAME 73
FLIGHT_FRAME 74
FLIGHT_FRAME 75
FLIGHT_FRAME 76
FLIGHT_FRAME 77
FLIGHT_FRAME 78
FLIGHT_FRAME 79
FLIGHT_FRAME 80
FLIGHT_FRAME 81
FLIGHT_FRAME 82
FLIGHT_FRAME 83
FLIGHT_FRAME 84
FLIGHT_FRAME 85
FLIGHT_FRAME 86
FLIGHT_FRAME 87
FLIGHT_FRAME 88
FLIGHT_FRAME 89
FLIGHT_FRAME 90
FLIGHT_FRAME 91
FLIGHT_FRAME 92
FLIGHT_FRAME 93
FLIGHT_FRAME 94
FLIGHT_FRAME 95
FLIGHT_FRAME 96
FLIGHT_FRAME 97
FLIGHT_FRAME 98
FLIGHT_FRAME 99
FLIGHT_FRAME 100
FLIGHT_FRAME 101
FLIGHT_FRAME 102
FLIGHT_FRAME 103
FLIGHT_FRAME 104
FLIGHT_FRAME 105
FLIGHT_FRAME 106
FLIGHT_FRAME 107
FLIGHT_FRAME 108
FLIGHT_FRAME 109
FLIGHT_FRAME 110
FLIGHT_FRAME 111
FLIGHT_FRAME 112
FLIGHT_FRAME 113
FLIGHT_FRAME 114
FLIGHT_FRAME 115
FLIGHT_FRAME 116
FLIGHT_FRAME 117
FLIGHT_FRAME 118
FLIGHT_FRAME 119
FLIGHT_FRAME 120
FLIGHT_FRAME 121
FLIGHT_FRAME 122
FLIGHT_FRAME 123
FLIGHT_FRAME 124
FLIGHT_FRAME 125
FLIGHT_FRAME 126
FLIGHT_FRAME 127
FLIGHT_FRAME 128
FLIGHT_FRAME 129
FLIGHT_FRAME 130
FLIGHT_FRAME 131
FLIGHT_FRAME 132
FLIGHT_FRAME 133
FLIGHT_FRAME 134
FLIGHT_FRAME 135
FLIGHT_FRAME 136
FLIGHT_FRAME 137
FLIGHT_FRAME 138
FLIGHT_FRAME 139
FLIGHT_FRAME 140
FLIGHT_FRAME 141
FLIGHT_FRAME 142
FLIGHT_FRAME 143
FLIGHT_FRAME 144
FLIGHT_FRAME 145
FLIGHT_FRAME 146
FLIGHT_FRAME 147
FLIGHT_FRAME 148
FLIGHT_FRAME 149
FLIGHT_FRAME 150
FLIGHT_FRAME 151
FLIGHT_FRAME 152
FLIGHT_FRAME 153
FLIGHT_FRAME 154
FLIGHT_FRAME 155
FLIGHT_FRAME 156
FLIGHT_FRAME 157
FLIGHT_FRAME 158
FLIGHT_FRAME 159
FLIGHT_FRAME 160
FLIGHT_FRAME 161
FLIGHT_FRAME 162
FLIGHT_FRAME 163
FLIGHT_FRAME 164
FLIGHT_FRAME 165
FLIGHT_FRAME 166
FLIGHT_FRAME 167
FLIGHT_FRAME 168
FLIGHT_FRAME 169
FLIGHT_FRAME 170
FLIGHT_FRAME 171
FLIGHT_FRAME 172
FLIGHT_FRAME 173
FLIGHT_FRAME 174
FLIGHT_FRAME 175
FLIGHT_FRAME 176
FLIGHT_FRAME 177
FLIGHT_FRAME 178
FLIGHT_FRAME 179
FLIGHT_FRAME 180
FLIGHT_FRAME 181
FLIGHT_FRAME 182
FLIGHT_FRAME 183
FLIGHT_FRAME 184
FLIGHT_FRAME 185
FLIGHT_FRAME 186
FLIGHT_FRAME 187
FLIGHT_FRAME 188
FLIGHT_FRAME 189
FLIGHT_FRAME 190
FLIGHT_FRAME 191
FLIGHT_FRAME 192
FLIGHT_FRAME 193
FLIGHT_FRAME 194
FLIGHT_FRAME 195
FLIGHT_FRAME 196
FLIGHT_FRAME 197
FLIGHT_FRAME 198
FLIGHT_FRAME 199
FLIGHT_FRAME 200
FLIGHT_FRAME 201
FLIGHT_FRAME 202
FLIGHT_FRAME 203
FLIGHT_FRAME 204
FLIGHT_FRAME 205
FLIGHT_FRAME 206
FLIGHT_FRAME 207
FLIGHT_FRAME 208
FLIGHT_FRAME 209
FLIGHT_FRAME 210
FLIGHT_FRAME 211
FLIGHT_FRAME 212
FLIGHT_FRAME 213
FLIGHT_FRAME 214
FLIGHT_FRAME 215
FLIGHT_FRAME 216
FLIGHT_FRAME 217
FLIGHT_FRAME 218
FLIGHT_FRAME 219
FLIGHT_FRAME 220
FLIGHT_FRAME 221
FLIGHT_FRAME 222
FLIGHT_FRAME 223
FLIGHT_FRAME 224
FLIGHT_FRAME 225
FLIGHT_FRAME 226
FLIGHT_FRAME 227
FLIGHT_FRAME 228
FLIGHT_FRAME 229
FLIGHT_FRAME 230
FLIGHT_FRAME 231
FLIGHT_FRAME 232
FLIGHT_FRAME 233
FLIGHT_FRAME 234
FLIGHT_FRAME 235
FLIGHT_FRAME 236
FLIGHT_FRAME 237
FLIGHT_FRAME 238
FLIGHT_FRAME 239
FLIGHT_FRAME 240
FLIGHT_FRAME 241
FLIGHT_FRAME 242
FLIGHT_FRAME 243
FLIGHT_FRAME 244
FLIGHT_FRAME 245
FLIGHT_FRAME 246
FLIGHT_FRAME 247
FLIGHT_FRAME 248
FLIGHT_FRAME 249
FLIGHT_FRAME 250
FLIGHT_FRAME 251
FLIGHT_FRAME 252
FLIGHT_FRAME 253
FLIGHT_FRAME 254
FLIGHT_FRAME 255
FLIGHT_FRAME 256
FLIGHT_FRAME 257
FLIGHT_FRAME 258
FLIGHT_FRAME 259
FLIGHT_FRAME 260
FLIGHT_FRAME 261
FLIGHT_FRAME 262
FLIGHT_FRAME 263
INPUT home up
INPUT arrow_down down
INPUT arrow_right down
INPUT w down
FLIGHT_FRAME 264
FLIGHT_FRAME 265
FLIGHT_FRAME 266
FLIGHT_FRAME 267
FLIGHT_FRAME 268
FLIGHT_FRAME 269
FLIGHT_FRAME 270
FLIGHT_FRAME 271
FLIGHT_FRAME 272
FLIGHT_FRAME 273
FLIGHT_FRAME 274
FLIGHT_FRAME 275
FLIGHT_FRAME 276
FLIGHT_FRAME 277
FLIGHT_FRAME 278
FLIGHT_FRAME 279
FLIGHT_FRAME 280
FLIGHT_FRAME 281
FLIGHT_FRAME 282
INPUT arrow_down up
FLIGHT_FRAME 283
FLIGHT_FRAME 284
FLIGHT_FRAME 285
FLIGHT_FRAME 286
FLIGHT_FRAME 287
FLIGHT_FRAME 288
FLIGHT_FRAME 289
FLIGHT_FRAME 290
FLIGHT_FRAME 291
FLIGHT_FRAME 292
FLIGHT_FRAME 293
FLIGHT_FRAME 294
FLIGHT_FRAME 295
FLIGHT_FRAME 296
FLIGHT_FRAME 297
FLIGHT_FRAME 298
FLIGHT_FRAME 299
FLIGHT_FRAME 300
FLIGHT_FRAME 301
FLIGHT_FRAME 302
FLIGHT_FRAME 303
FLIGHT_FRAME 304
FLIGHT_FRAME 305
FLIGHT_FRAME 306
FLIGHT_FRAME 307
FLIGHT_FRAME 308
FLIGHT_FRAME 309
FLIGHT_FRAME 310
FLIGHT_FRAME 311
FLIGHT_FRAME 312
FLIGHT_FRAME 313
FLIGHT_FRAME 314
FLIGHT_FRAME 315
FLIGHT_FRAME 316
FLIGHT_FRAME 317
FLIGHT_FRAME 318
FLIGHT_FRAME 319
FLIGHT_FRAME 320
FLIGHT_FRAME 321
FLIGHT_FRAME 322
FLIGHT_FRAME 323
FLIGHT_FRAME 324
FLIGHT_FRAME 325
FLIGHT_FRAME 326
FLIGHT_FRAME 327
FLIGHT_FRAME 328
FLIGHT_FRAME 329
FLIGHT_FRAME 330
FLIGHT_FRAME 331
FLIGHT_FRAME 332
FLIGHT_FRAME 333
FLIGHT_FRAME 334
FLIGHT_FRAME 335
FLIGHT_FRAME 336
FLIGHT_FRAME 337
FLIGHT_FRAME 338
FLIGHT_FRAME 339
FLIGHT_FRAME 340
FLIGHT_FRAME 341
FLIGHT_FRAME 342
FLIGHT_FRAME 343
FLIGHT_FRAME 344
FLIGHT_FRAME 345
FLIGHT_FRAME 346
FLIGHT_FRAME 347
FLIGHT_FRAME 348
FLIGHT_FRAME 349
FLIGHT_FRAME 350
FLIGHT_FRAME 351
FLIGHT_FRAME 352
FLIGHT_FRAME 353
FLIGHT_FRAME 354
FLIGHT_FRAME 355
FLIGHT_FRAME 356
FLIGHT_FRAME 357
FLIGHT_FRAME 358
FLIGHT_FRAME 359
FLIGHT_FRAME 360
FLIGHT_FRAME 361
FLIGHT_FRAME 362
FLIGHT_FRAME 363
FLIGHT_FRAME 364
FLIGHT_FRAME 365
FLIGHT_FRAME 366
INPUT arrow_right up
FLIGHT_FRAME 367
FLIGHT_FRAME 368
FLIGHT_FRAME 369
FLIGHT_FRAME 370
FLIGHT_FRAME 371
FLIGHT_FRAME 372
FLIGHT_FRAME 373
FLIGHT_FRAME 374
FLIGHT_FRAME 375
FLIGHT_FRAME 376
FLIGHT_FRAME 377
FLIGHT_FRAME 378
INPUT arrow_right down
FLIGHT_FRAME 379
FLIGHT_FRAME 380
FLIGHT_FRAME 381
INPUT arrow_right up
FLIGHT_FRAME 382
FLIGHT_FRAME 383
FLIGHT_FRAME 384
FLIGHT_FRAME 385
FLIGHT_FRAME 386
FLIGHT_FRAME 387
FLIGHT_FRAME 388
FLIGHT_FRAME 389
FLIGHT_FRAME 390
FLIGHT_FRAME 391
FLIGHT_FRAME 392
FLIGHT_FRAME 393
FLIGHT_FRAME 394
FLIGHT_FRAME 395
INPUT w up
FLIGHT_FRAME 396
FLIGHT_FRAME 397
FLIGHT_FRAME 398
FLIGHT_FRAME 399
FLIGHT_FRAME 400
FLIGHT_FRAME 401
FLIGHT_FRAME 402
FLIGHT_FRAME 403
FLIGHT_FRAME 404
FLIGHT_FRAME 405
FLIGHT_FRAME 406
FLIGHT_FRAME 407
FLIGHT_FRAME 408
FLIGHT_FRAME 409
FLIGHT_FRAME 410
FLIGHT_FRAME 411
FLIGHT_FRAME 412
FLIGHT_FRAME 413
FLIGHT_FRAME 414
FLIGHT_FRAME 415
FLIGHT_FRAME 416
FLIGHT_FRAME 417
FLIGHT_FRAME 418
FLIGHT_FRAME 419
FLIGHT_FRAME 420
FLIGHT_FRAME 421
FLIGHT_FRAME 422
FLIGHT_FRAME 423
FLIGHT_FRAME 424
FLIGHT_FRAME 425
FLIGHT_FRAME 426
FLIGHT_FRAME 427
FLIGHT_FRAME 428
FLIGHT_FRAME 429
FLIGHT_FRAME 430
FLIGHT_FRAME 431
FLIGHT_FRAME 432
FLIGHT_FRAME 433
FLIGHT_FRAME 434
FLIGHT_FRAME 435
FLIGHT_FRAME 436
FLIGHT_FRAME 437
FLIGHT_FRAME 438
FLIGHT_FRAME 439
FLIGHT_FRAME 440
FLIGHT_FRAME 441
FLIGHT_FRAME 442
FLIGHT_FRAME 443
FLIGHT_FRAME 444
FLIGHT_FRAME 445
FLIGHT_FRAME 446
FLIGHT_FRAME 447
FLIGHT_FRAME 448
FLIGHT_FRAME 449
FLIGHT_FRAME 450
FLIGHT_FRAME 451
FLIGHT_FRAME 452
FLIGHT_FRAME 453
FLIGHT_FRAME 454
FLIGHT_FRAME 455
FLIGHT_FRAME 456
FLIGHT_FRAME 457
FLIGHT_FRAME 458
FLIGHT_FRAME 459
FLIGHT_FRAME 460
FLIGHT_FRAME 461
FLIGHT_FRAME 462
FLIGHT_FRAME 463
FLIGHT_FRAME 464
FLIGHT_FRAME 465
FLIGHT_FRAME 466
FLIGHT_FRAME 467
FLIGHT_FRAME 468
FLIGHT_FRAME 469
FLIGHT_FRAME 470
FLIGHT_FRAME 471
FLIGHT_FRAME 472
FLIGHT_FRAME 473
FLIGHT_FRAME 474
FLIGHT_FRAME 475
FLIGHT_FRAME 476
FLIGHT_FRAME 477
FLIGHT_FRAME 478
FLIGHT_FRAME 479
FLIGHT_FRAME 480
FLIGHT_FRAME 481
FLIGHT_FRAME 482
FLIGHT_FRAME 483
FLIGHT_FRAME 484
FLIGHT_FRAME 485
FLIGHT_FRAME 486
FLIGHT_FRAME 487
FLIGHT_FRAME 488
FLIGHT_FRAME 489
FLIGHT_FRAME 490
FLIGHT_FRAME 491
FLIGHT_FRAME 492
FLIGHT_FRAME 493
FLIGHT_FRAME 494
FLIGHT_FRAME 495
FLIGHT_FRAME 496
FLIGHT_FRAME 497
FLIGHT_FRAME 498
FLIGHT_FRAME 499
FLIGHT_FRAME 500
FLIGHT_FRAME 501
FLIGHT_FRAME 502
FLIGHT_FRAME 503
FLIGHT_FRAME 504
FLIGHT_FRAME 505
FLIGHT_FRAME 506
FLIGHT_FRAME 507
FLIGHT_FRAME 508
FLIGHT_FRAME 509
FLIGHT_FRAME 510
FLIGHT_FRAME 511
FLIGHT_FRAME 512
INPUT arrow_down down
FLIGHT_FRAME 513
FLIGHT_FRAME 514
INPUT arrow_down up
FLIGHT_FRAME 515
FLIGHT_FRAME 516
FLIGHT_FRAME 517
FLIGHT_FRAME 518
FLIGHT_FRAME 519
FLIGHT_FRAME 520
FLIGHT_FRAME 521
FLIGHT_FRAME 522
FLIGHT_FRAME 523
FLIGHT_FRAME 524
FLIGHT_FRAME 525
FLIGHT_FRAME 526
FLIGHT_FRAME 527
FLIGHT_FRAME 528
FLIGHT_FRAME 529
FLIGHT_FRAME 530
FLIGHT_FRAME 531
FLIGHT_FRAME 532
FLIGHT_FRAME 533
FLIGHT_FRAME 534
FLIGHT_FRAME 535
FLIGHT_FRAME 536
FLIGHT_FRAME 537
FLIGHT_FRAME 538
FLIGHT_FRAME 539
FLIGHT_FRAME 540
FLIGHT_FRAME 541
FLIGHT_FRAME 542
FLIGHT_FRAME 543
FLIGHT_FRAME 544
FLIGHT_FRAME 545
FLIGHT_FRAME 546
FLIGHT_FRAME 547
FLIGHT_FRAME 548
FLIGHT_FRAME 549
FLIGHT_FRAME 550
FLIGHT_FRAME 551
FLIGHT_FRAME 552
FLIGHT_FRAME 553
FLIGHT_FRAME 554
FLIGHT_FRAME 555
FLIGHT_FRAME 556
FLIGHT_FRAME 557
FLIGHT_FRAME 558
FLIGHT_FRAME 559
FLIGHT_FRAME 560
FLIGHT_FRAME 561
FLIGHT_FRAME 562
FLIGHT_FRAME 563
FLIGHT_FRAME 564
FLIGHT_FRAME 565
FLIGHT_FRAME 566
FLIGHT_FRAME 567
FLIGHT_FRAME 568
FLIGHT_FRAME 569
FLIGHT_FRAME 570
FLIGHT_FRAME 571
FLIGHT_FRAME 572
FLIGHT_FRAME 573
FLIGHT_FRAME 574
FLIGHT_FRAME 575
FLIGHT_FRAME 576
FLIGHT_FRAME 577
FLIGHT_FRAME 578
FLIGHT_FRAME 579
FLIGHT_FRAME 580
FLIGHT_FRAME 581
FLIGHT_FRAME 582
FLIGHT_FRAME 583
FLIGHT_FRAME 584
FLIGHT_FRAME 585
FLIGHT_FRAME 586
FLIGHT_FRAME 587
FLIGHT_FRAME 588
FLIGHT_FRAME 589
FLIGHT_FRAME 590
FLIGHT_FRAME 591
FLIGHT_FRAME 592
FLIGHT_FRAME 593
FLIGHT_FRAME 594
FLIGHT_FRAME 595
FLIGHT_FRAME 596
FLIGHT_FRAME 597
FLIGHT_FRAME 598
FLIGHT_FRAME 599
FLIGHT_FRAME 600
FLIGHT_FRAME 601
FLIGHT_FRAME 602
FLIGHT_FRAME 603
FLIGHT_FRAME 604
FLIGHT_FRAME 605
FLIGHT_FRAME 606
FLIGHT_FRAME 607
FLIGHT_FRAME 608
FLIGHT_FRAME 609
FLIGHT_FRAME 610
FLIGHT_FRAME 611
FLIGHT_FRAME 612
FLIGHT_FRAME 613
FLIGHT_FRAME 614
FLIGHT_FRAME 615
FLIGHT_FRAME 616
FLIGHT_FRAME 617
FLIGHT_FRAME 618
FLIGHT_FRAME 619
FLIGHT_FRAME 620
FLIGHT_FRAME 621
FLIGHT_FRAME 622
FLIGHT_FRAME 623
FLIGHT_FRAME 624
FLIGHT_FRAME 625
FLIGHT_FRAME 626
FLIGHT_FRAME 627
FLIGHT_FRAME 628
FLIGHT_FRAME 629
FLIGHT_FRAME 630
FLIGHT_FRAME 631
FLIGHT_FRAME 632
FLIGHT_FRAME 633
FLIGHT_FRAME 634
FLIGHT_FRAME 635
FLIGHT_FRAME 636
FLIGHT_FRAME 637
FLIGHT_FRAME 638
FLIGHT_FRAME 639
FLIGHT_FRAME 640
FLIGHT_FRAME 641
FLIGHT_FRAME 642
FLIGHT_FRAME 643
FLIGHT_FRAME 644
FLIGHT_FRAME 645
FLIGHT_FRAME 646
INPUT arrow_right down
FLIGHT_FRAME 647
FLIGHT_FRAME 648
FLIGHT_FRAME 649
INPUT arrow_right up
FLIGHT_FRAME 650
FLIGHT_FRAME 651
FLIGHT_FRAME 652
FLIGHT_FRAME 653
FLIGHT_FRAME 654
FLIGHT_FRAME 655
FLIGHT_FRAME 656
FLIGHT_FRAME 657
FLIGHT_FRAME 658
FLIGHT_FRAME 659
FLIGHT_FRAME 660
FLIGHT_FRAME 661
FLIGHT_FRAME 662
FLIGHT_FRAME 663
FLIGHT_FRAME 664
FLIGHT_FRAME 665
FLIGHT_FRAME 666
FLIGHT_FRAME 667
FLIGHT_FRAME 668
FLIGHT_FRAME 669
FLIGHT_FRAME 670
FLIGHT_FRAME 671
FLIGHT_FRAME 672
FLIGHT_FRAME 673
FLIGHT_FRAME 674
FLIGHT_FRAME 675
FLIGHT_FRAME 676
FLIGHT_FRAME 677
FLIGHT_FRAME 678
FLIGHT_FRAME 679
FLIGHT_FRAME 680
FLIGHT_FRAME 681
FLIGHT_FRAME 682
INPUT b down
FLIGHT_FRAME 683
FLIGHT_FRAME 684
FLIGHT_FRAME 685
FLIGHT_FRAME 686
FLIGHT_FRAME 687
FLIGHT_FRAME 688
FLIGHT_FRAME 689
FLIGHT_FRAME 690
FLIGHT_FRAME 691
FLIGHT_FRAME 692
FLIGHT_FRAME 693
FLIGHT_FRAME 694
FLIGHT_FRAME 695
FLIGHT_FRAME 696
FLIGHT_FRAME 697
FLIGHT_FRAME 698
FLIGHT_FRAME 699
FLIGHT_FRAME 700
FLIGHT_FRAME 701
FLIGHT_FRAME 702
FLIGHT_FRAME 703
FLIGHT_FRAME 704
FLIGHT_FRAME 705
FLIGHT_FRAME 706
FLIGHT_FRAME 707
FLIGHT_FRAME 708
FLIGHT_FRAME 709
FLIGHT_FRAME 710
FLIGHT_FRAME 711
FLIGHT_FRAME 712
FLIGHT_FRAME 713
FLIGHT_FRAME 714
FLIGHT_FRAME 715
FLIGHT_FRAME 716
FLIGHT_FRAME 717
FLIGHT_FRAME 718
FLIGHT_FRAME 719
FLIGHT_FRAME 720
FLIGHT_FRAME 721
FLIGHT_FRAME 722
FLIGHT_FRAME 723
FLIGHT_FRAME 724
FLIGHT_FRAME 725
FLIGHT_FRAME 726
FLIGHT_FRAME 727
FLIGHT_FRAME 728
FLIGHT_FRAME 729
FLIGHT_FRAME 730
FLIGHT_FRAME 731
FLIGHT_FRAME 732
FLIGHT_FRAME 733
FLIGHT_FRAME 734
FLIGHT_FRAME 735
FLIGHT_FRAME 736
FLIGHT_FRAME 737
FLIGHT_FRAME 738
FLIGHT_FRAME 739
FLIGHT_FRAME 740
FLIGHT_FRAME 741
FLIGHT_FRAME 742
FLIGHT_FRAME 743
FLIGHT_FRAME 744
FLIGHT_FRAME 745
FLIGHT_FRAME 746
FLIGHT_FRAME 747
FLIGHT_FRAME 748
FLIGHT_FRAME 749
FLIGHT_FRAME 750
FLIGHT_FRAME 751
FLIGHT_FRAME 752
FLIGHT_FRAME 753
FLIGHT_FRAME 754
FLIGHT_FRAME 755
FLIGHT_FRAME 756
FLIGHT_FRAME 757
FLIGHT_FRAME 758
FLIGHT_FRAME 759
FLIGHT_FRAME 760
FLIGHT_FRAME 761
FLIGHT_FRAME 762
FLIGHT_FRAME 763
FLIGHT_FRAME 764
FLIGHT_FRAME 765
FLIGHT_FRAME 766
FLIGHT_FRAME 767
FLIGHT_FRAME 768
FLIGHT_FRAME 769
FLIGHT_FRAME 770
FLIGHT_FRAME 771
FLIGHT_FRAME 772
FLIGHT_FRAME 773
FLIGHT_FRAME 774
FLIGHT_FRAME 775
FLIGHT_FRAME 776
FLIGHT_FRAME 777
FLIGHT_FRAME 778
FLIGHT_FRAME 779
FLIGHT_FRAME 780
FLIGHT_FRAME 781
FLIGHT_FRAME 782
FLIGHT_FRAME 783
FLIGHT_FRAME 784
FLIGHT_FRAME 785
FLIGHT_FRAME 786
FLIGHT_FRAME 787
FLIGHT_FRAME 788
FLIGHT_FRAME 789
FLIGHT_FRAME 790
FLIGHT_FRAME 791
FLIGHT_FRAME 792
FLIGHT_FRAME 793
FLIGHT_FRAME 794
FLIGHT_FRAME 795
FLIGHT_FRAME 796
FLIGHT_FRAME 797
FLIGHT_FRAME 798
FLIGHT_FRAME 799
FLIGHT_FRAME 800
FLIGHT_FRAME 801
FLIGHT_FRAME 802
FLIGHT_FRAME 803
FLIGHT_FRAME 804
FLIGHT_FRAME 805
FLIGHT_FRAME 806
FLIGHT_FRAME 807
FLIGHT_FRAME 808
FLIGHT_FRAME 809
FLIGHT_FRAME 810
FLIGHT_FRAME 811
FLIGHT_FRAME 812
FLIGHT_FRAME 813
FLIGHT_FRAME 814
FLIGHT_FRAME 815
FLIGHT_FRAME 816
FLIGHT_FRAME 817
FLIGHT_FRAME 818
FLIGHT_FRAME 819
FLIGHT_FRAME 820
FLIGHT_FRAME 821
FLIGHT_FRAME 822
FLIGHT_FRAME 823
FLIGHT_FRAME 824
FLIGHT_FRAME 825
FLIGHT_FRAME 826
FLIGHT_FRAME 827
FLIGHT_FRAME 828
FLIGHT_FRAME 829
FLIGHT_FRAME 830
FLIGHT_FRAME 831
FLIGHT_FRAME 832
FLIGHT_FRAME 833
FLIGHT_FRAME 834
FLIGHT_FRAME 835
FLIGHT_FRAME 836
FLIGHT_FRAME 837
FLIGHT_FRAME 838
FLIGHT_FRAME 839
FLIGHT_FRAME 840
FLIGHT_FRAME 841
FLIGHT_FRAME 842
FLIGHT_FRAME 843
FLIGHT_FRAME 844
FLIGHT_FRAME 845
FLIGHT_FRAME 846
FLIGHT_FRAME 847
FLIGHT_FRAME 848
FLIGHT_FRAME 849
FLIGHT_FRAME 850
FLIGHT_FRAME 851
FLIGHT_FRAME 852
FLIGHT_FRAME 853
FLIGHT_FRAME 854
FLIGHT_FRAME 855
FLIGHT_FRAME 856
FLIGHT_FRAME 857
FLIGHT_FRAME 858
FLIGHT_FRAME 859
FLIGHT_FRAME 860
FLIGHT_FRAME 861
FLIGHT_FRAME 862
FLIGHT_FRAME 863
FLIGHT_FRAME 864
FLIGHT_FRAME 865
FLIGHT_FRAME 866
FLIGHT_FRAME 867
FLIGHT_FRAME 868
FLIGHT_FRAME 869
FLIGHT_FRAME 870
FLIGHT_FRAME 871
FLIGHT_FRAME 872
FLIGHT_FRAME 873
FLIGHT_FRAME 874
FLIGHT_FRAME 875
FLIGHT_FRAME 876
FLIGHT_FRAME 877
FLIGHT_FRAME 878
FLIGHT_FRAME 879
FLIGHT_FRAME 880
FLIGHT_FRAME 881
FLIGHT_FRAME 882
FLIGHT_FRAME 883
FLIGHT_FRAME 884
FLIGHT_FRAME 885
FLIGHT_FRAME 886
FLIGHT_FRAME 887
FLIGHT_FRAME 888
FLIGHT_FRAME 889
FLIGHT_FRAME 890
FLIGHT_FRAME 891
FLIGHT_FRAME 892
FLIGHT_FRAME 893
FLIGHT_FRAME 894
FLIGHT_FRAME 895
FLIGHT_FRAME 896
FLIGHT_FRAME 897
FLIGHT_FRAME 898
FLIGHT_FRAME 899
FLIGHT_FRAME 900
FLIGHT_FRAME 901
FLIGHT_FRAME 902
FLIGHT_FRAME 903
FLIGHT_FRAME 904
FLIGHT_FRAME 905
FLIGHT_FRAME 906
FLIGHT_FRAME 907
FLIGHT_FRAME 908
FLIGHT_FRAME 909
FLIGHT_FRAME 910
FLIGHT_FRAME 911
FLIGHT_FRAME 912
FLIGHT_FRAME 913
FLIGHT_FRAME 914
FLIGHT_FRAME 915
FLIGHT_FRAME 916
FLIGHT_FRAME 917
FLIGHT_FRAME 918
FLIGHT_FRAME 919
FLIGHT_FRAME 920
FLIGHT_FRAME 921
FLIGHT_FRAME 922
FLIGHT_FRAME 923
FLIGHT_FRAME 924
FLIGHT_FRAME 925
FLIGHT_FRAME 926
FLIGHT_FRAME 927
FLIGHT_FRAME 928
FLIGHT_FRAME 929
FLIGHT_FRAME 930
FLIGHT_FRAME 931
FLIGHT_FRAME 932
FLIGHT_FRAME 933
FLIGHT_FRAME 934
FLIGHT_FRAME 935
FLIGHT_FRAME 936
FLIGHT_FRAME 937
FLIGHT_FRAME 938
FLIGHT_FRAME 939
FLIGHT_FRAME 940
FLIGHT_FRAME 941
FLIGHT_FRAME 942
FLIGHT_FRAME 943
FLIGHT_FRAME 944
FLIGHT_FRAME 945
FLIGHT_FRAME 946
FLIGHT_FRAME 947
FLIGHT_FRAME 948
FLIGHT_FRAME 949
FLIGHT_FRAME 950
FLIGHT_FRAME 951
FLIGHT_FRAME 952
FLIGHT_FRAME 953
FLIGHT_FRAME 954
FLIGHT_FRAME 955
FLIGHT_FRAME 956
FLIGHT_FRAME 957
FLIGHT_FRAME 958
FLIGHT_FRAME 959
FLIGHT_FRAME 960
FLIGHT_FRAME 961
FLIGHT_FRAME 962
FLIGHT_FRAME 963
FLIGHT_FRAME 964
FLIGHT_FRAME 965
FLIGHT_FRAME 966
FLIGHT_FRAME 967
FLIGHT_FRAME 968
FLIGHT_FRAME 969
FLIGHT_FRAME 970
FLIGHT_FRAME 971
FLIGHT_FRAME 972
FLIGHT_FRAME 973
FLIGHT_FRAME 974
FLIGHT_FRAME 975
FLIGHT_FRAME 976
FLIGHT_FRAME 977
FLIGHT_FRAME 978
FLIGHT_FRAME 979
FLIGHT_FRAME 980
FLIGHT_FRAME 981
FLIGHT_FRAME 982
FLIGHT_FRAME 983
FLIGHT_FRAME 984
FLIGHT_FRAME 985
FLIGHT_FRAME 986
FLIGHT_FRAME 987
FLIGHT_FRAME 988
FLIGHT_FRAME 989
FLIGHT_FRAME 990
FLIGHT_FRAME 991
FLIGHT_FRAME 992
FLIGHT_FRAME 993
FLIGHT_FRAME 994
FLIGHT_FRAME 995
FLIGHT_FRAME 996
FLIGHT_FRAME 997
FLIGHT_FRAME 998
FLIGHT_FRAME 999
FLIGHT_FRAME 1000
FLIGHT_FRAME 1001
FLIGHT_FRAME 1002
FLIGHT_FRAME 1003
FLIGHT_FRAME 1004
FLIGHT_FRAME 1005
FLIGHT_FRAME 1006
FLIGHT_FRAME 1007
FLIGHT_FRAME 1008
FLIGHT_FRAME 1009
FLIGHT_FRAME 1010
FLIGHT_FRAME 1011
FLIGHT_FRAME 1012
FLIGHT_FRAME 1013
FLIGHT_FRAME 1014
FLIGHT_FRAME 1015
FLIGHT_FRAME 1016
FLIGHT_FRAME 1017
FLIGHT_FRAME 1018
FLIGHT_FRAME 1019
FLIGHT_FRAME 1020
FLIGHT_FRAME 1021
FLIGHT_FRAME 1022
FLIGHT_FRAME 1023
FLIGHT_FRAME 1024
FLIGHT_FRAME 1025
FLIGHT_FRAME 1026
FLIGHT_FRAME 1027
FLIGHT_FRAME 1028
FLIGHT_FRAME 1029
FLIGHT_FRAME 1030
FLIGHT_FRAME 1031
FLIGHT_FRAME 1032
FLIGHT_FRAME 1033
FLIGHT_FRAME 1034
FLIGHT_FRAME 1035
FLIGHT_FRAME 1036
FLIGHT_FRAME 1037
FLIGHT_FRAME 1038
FLIGHT_FRAME 1039
FLIGHT_FRAME 1040
FLIGHT_FRAME 1041
FLIGHT_FRAME 1042
FLIGHT_FRAME 1043
FLIGHT_FRAME 1044
FLIGHT_FRAME 1045
FLIGHT_FRAME 1046
FLIGHT_FRAME 1047
FLIGHT_FRAME 1048
FLIGHT_FRAME 1049
FLIGHT_FRAME 1050
FLIGHT_FRAME 1051
FLIGHT_FRAME 1052
FLIGHT_FRAME 1053
FLIGHT_FRAME 1054
FLIGHT_FRAME 1055
FLIGHT_FRAME 1056
FLIGHT_FRAME 1057
FLIGHT_FRAME 1058
FLIGHT_FRAME 1059
FLIGHT_FRAME 1060
FLIGHT_FRAME 1061
FLIGHT_FRAME 1062
FLIGHT_FRAME 1063
FLIGHT_FRAME 1064
FLIGHT_FRAME 1065
FLIGHT_FRAME 1066
FLIGHT_FRAME 1067
FLIGHT_FRAME 1068
FLIGHT_FRAME 1069
FLIGHT_FRAME 1070
FLIGHT_FRAME 1071
FLIGHT_FRAME 1072
FLIGHT_FRAME 1073
FLIGHT_FRAME 1074
FLIGHT_FRAME 1075
FLIGHT_FRAME 1076
FLIGHT_FRAME 1077
FLIGHT_FRAME 1078
FLIGHT_FRAME 1079
FLIGHT_FRAME 1080
FLIGHT_FRAME 1081
FLIGHT_FRAME 1082
FLIGHT_FRAME 1083
FLIGHT_FRAME 1084
FLIGHT_FRAME 1085
FLIGHT_FRAME 1086
FLIGHT_FRAME 1087
FLIGHT_FRAME 1088
FLIGHT_FRAME 1089
FLIGHT_FRAME 1090
FLIGHT_FRAME 1091
FLIGHT_FRAME 1092
FLIGHT_FRAME 1093
FLIGHT_FRAME 1094
FLIGHT_FRAME 1095
FLIGHT_FRAME 1096
FLIGHT_FRAME 1097
FLIGHT_FRAME 1098
FLIGHT_FRAME 1099
FLIGHT_FRAME 1100
FLIGHT_FRAME 1101
FLIGHT_FRAME 1102
FLIGHT_FRAME 1103
FLIGHT_FRAME 1104
FLIGHT_FRAME 1105
FLIGHT_FRAME 1106
FLIGHT_FRAME 1107
FLIGHT_FRAME 1108
FLIGHT_FRAME 1109
FLIGHT_FRAME 1110
FLIGHT_FRAME 1111
FLIGHT_FRAME 1112
FLIGHT_FRAME 1113
FLIGHT_FRAME 1114
FLIGHT_FRAME 1115
FLIGHT_FRAME 1116
FLIGHT_FRAME 1117
FLIGHT_FRAME 1118
FLIGHT_FRAME 1119
FLIGHT_FRAME 1120
FLIGHT_FRAME 1121
FLIGHT_FRAME 1122
FLIGHT_FRAME 1123
FLIGHT_FRAME 1124
FLIGHT_FRAME 1125
FLIGHT_FRAME 1126
FLIGHT_FRAME 1127
FLIGHT_FRAME 1128
FLIGHT_FRAME 1129
FLIGHT_FRAME 1130
FLIGHT_FRAME 1131
FLIGHT_FRAME 1132
FLIGHT_FRAME 1133
FLIGHT_FRAME 1134
FLIGHT_FRAME 1135
FLIGHT_FRAME 1136
FLIGHT_FRAME 1137
FLIGHT_FRAME 1138
FLIGHT_FRAME 1139
FLIGHT_FRAME 1140
FLIGHT_FRAME 1141
FLIGHT_FRAME 1142
FLIGHT_FRAME 1143
FLIGHT_FRAME 1144
FLIGHT_FRAME 1145
FLIGHT_FRAME 1146
FLIGHT_FRAME 1147
FLIGHT_FRAME 1148
FLIGHT_FRAME 1149
FLIGHT_FRAME 1150
FLIGHT_FRAME 1151
FLIGHT_FRAME 1152
FLIGHT_FRAME 1153
FLIGHT_FRAME 1154
FLIGHT_FRAME 1155
FLIGHT_FRAME 1156
FLIGHT_FRAME 1157
FLIGHT_FRAME 1158
FLIGHT_FRAME 1159
FLIGHT_FRAME 1160
FLIGHT_FRAME 1161
FLIGHT_FRAME 1162
FLIGHT_FRAME 1163
FLIGHT_FRAME 1164
FLIGHT_FRAME 1165
FLIGHT_FRAME 1166
FLIGHT_FRAME 1167
FLIGHT_FRAME 1168
FLIGHT_FRAME 1169
FLIGHT_FRAME 1170
FLIGHT_FRAME 1171
FLIGHT_FRAME 1172
FLIGHT_FRAME 1173
FLIGHT_FRAME 1174
FLIGHT_FRAME 1175
FLIGHT_FRAME 1176
FLIGHT_FRAME 1177
FLIGHT_FRAME 1178
FLIGHT_FRAME 1179
FLIGHT_FRAME 1180
FLIGHT_FRAME 1181
FLIGHT_FRAME 1182
FLIGHT_FRAME 1183
FLIGHT_FRAME 1184
FLIGHT_FRAME 1185
FLIGHT_FRAME 1186
FLIGHT_FRAME 1187
FLIGHT_FRAME 1188
FLIGHT_FRAME 1189
FLIGHT_FRAME 1190
FLIGHT_FRAME 1191
FLIGHT_FRAME 1192
FLIGHT_FRAME 1193
FLIGHT_FRAME 1194
FLIGHT_FRAME 1195
FLIGHT_FRAME 1196
FLIGHT_FRAME 1197
FLIGHT_FRAME 1198
FLIGHT_FRAME 1199
FLIGHT_FRAME 1200
FLIGHT_FRAME 1201
FLIGHT_FRAME 1202
FLIGHT_FRAME 1203
FLIGHT_FRAME 1204
FLIGHT_FRAME 1205
FLIGHT_FRAME 1206
FLIGHT_FRAME 1207
FLIGHT_FRAME 1208
FLIGHT_FRAME 1209
FLIGHT_FRAME 1210
FLIGHT_FRAME 1211
FLIGHT_FRAME 1212
FLIGHT_FRAME 1213
FLIGHT_FRAME 1214
FLIGHT_FRAME 1215
FLIGHT_FRAME 1216
FLIGHT_FRAME 1217
FLIGHT_FRAME 1218
FLIGHT_FRAME 1219
FLIGHT_FRAME 1220
FLIGHT_FRAME 1221
FLIGHT_FRAME 1222
FLIGHT_FRAME 1223
FLIGHT_FRAME 1224
FLIGHT_FRAME 1225
FLIGHT_FRAME 1226
FLIGHT_FRAME 1227
FLIGHT_FRAME 1228
FLIGHT_FRAME 1229
FLIGHT_FRAME 1230
FLIGHT_FRAME 1231
FLIGHT_FRAME 1232
FLIGHT_FRAME 1233
FLIGHT_FRAME 1234
FLIGHT_FRAME 1235
FLIGHT_FRAME 1236
FLIGHT_FRAME 1237
FLIGHT_FRAME 1238
FLIGHT_FRAME 1239
FLIGHT_FRAME 1240
FLIGHT_FRAME 1241
FLIGHT_FRAME 1242
FLIGHT_FRAME 1243
FLIGHT_FRAME 1244
FLIGHT_FRAME 1245
FLIGHT_FRAME 1246
FLIGHT_FRAME 1247
FLIGHT_FRAME 1248
FLIGHT_FRAME 1249
FLIGHT_FRAME 1250
FLIGHT_FRAME 1251
FLIGHT_FRAME 1252
FLIGHT_FRAME 1253
FLIGHT_FRAME 1254
FLIGHT_FRAME 1255
FLIGHT_FRAME 1256
FLIGHT_FRAME 1257
FLIGHT_FRAME 1258
FLIGHT_FRAME 1259
FLIGHT_FRAME 1260
FLIGHT_FRAME 1261
FLIGHT_FRAME 1262
FLIGHT_FRAME 1263
FLIGHT_FRAME 1264
FLIGHT_FRAME 1265
FLIGHT_FRAME 1266
FLIGHT_FRAME 1267
FLIGHT_FRAME 1268
FLIGHT_FRAME 1269
FLIGHT_FRAME 1270
FLIGHT_FRAME 1271
FLIGHT_FRAME 1272
FLIGHT_FRAME 1273
FLIGHT_FRAME 1274
FLIGHT_FRAME 1275
FLIGHT_FRAME 1276
FLIGHT_FRAME 1277
FLIGHT_FRAME 1278
FLIGHT_FRAME 1279
FLIGHT_FRAME 1280
FLIGHT_FRAME 1281
FLIGHT_FRAME 1282
FLIGHT_FRAME 1283
FLIGHT_FRAME 1284
FLIGHT_FRAME 1285
FLIGHT_FRAME 1286
FLIGHT_FRAME 1287
FLIGHT_FRAME 1288
FLIGHT_FRAME 1289
FLIGHT_FRAME 1290
FLIGHT_FRAME 1291
FLIGHT_FRAME 1292
FLIGHT_FRAME 1293
FLIGHT_FRAME 1294
FLIGHT_FRAME 1295
FLIGHT_FRAME 1296
RUNTIME_PASS {"engine": "Panda3D", "mode": "window", "output_type": "glxGraphicsWindow", "renderer": "llvmpipe (LLVM 21.1.8, 256 bits)", "vendor": "Mesa", "driver": "4.5 (Compatibility Profile) Mesa 26.0.8-1ubuntu0.3", "size": [960, 540], "seed": 14, "fixed_dt": 0.016666666666666666, "render_hz": 144, "controls": ["W/S raise/lower throttle | B brake and zero throttle", "A/D roll left/right | Arrows: nose up/down/left/right", "Mouse aim disabled (--keyboard-only); use arrow keys", "Hold Home: level horizon | Esc: pause/resume | F10: quit", "R: hold to repair selected subsystem (brakes + locks)", "1/2/3 engine/weapons/sensors | Space/LMB, Tab reserved (no combat yet)"], "settings": {"sensitivity": 0.012, "deadzone": 0.12, "invert_y": false}, "eye_offset": [0.0, 0.0, 0.65], "audio": "explicitly disabled", "capture_method": "GraphicsOutput.saveScreenshot after graphicsEngine.renderFrame", "window_id": 4194312, "frames": 1296, "ticks": 560, "input_events": 10, "mouse_events": 0, "ship": {"entity_id": "player", "position": [15.80340576171875, 47.23360824584961, -2.708850383758545], "velocity": [0.0, 0.0, -0.0], "orientation": [0.9865086674690247, -0.05966266989707947, -0.0364382341504097, -0.1480303853750229], "throttle": 0.0}, "health": {"entity_id": "player", "hull": 1.0, "hull_hp": 100.0, "state": "healthy", "subsystems": {"engine": 1.0, "weapons": 1.0, "sensors": 1.0}, "repairing": null, "repair_progress": 0.0, "engine_multiplier": 1.0, "turning_multiplier": 1.0, "weapons_multiplier": 1.0, "sensors_multiplier": 1.0}, "dropped_seconds": 0.45110800000000006, "drop_events": 1, "capture": null}
:display: Closing glxGraphicsWindow
